Component: ARM Compiler 5.06 update 5 (build 528) Tool: armlink [4d35e2]

==============================================================================

Section Cross References

    startup_stm32f407xx.o(STACK) refers (Special) to heapauxi.o(.text) for __use_two_region_memory
    startup_stm32f407xx.o(HEAP) refers (Special) to heapauxi.o(.text) for __use_two_region_memory
    startup_stm32f407xx.o(RESET) refers (Special) to heapauxi.o(.text) for __use_two_region_memory
    startup_stm32f407xx.o(RESET) refers to startup_stm32f407xx.o(STACK) for __initial_sp
    startup_stm32f407xx.o(RESET) refers to startup_stm32f407xx.o(.text) for Reset_Handler
    startup_stm32f407xx.o(RESET) refers to stm32f4xx_it.o(i.NMI_Handler) for NMI_Handler
    startup_stm32f407xx.o(RESET) refers to stm32f4xx_it.o(i.HardFault_Handler) for HardFault_Handler
    startup_stm32f407xx.o(RESET) refers to stm32f4xx_it.o(i.MemManage_Handler) for MemManage_Handler
    startup_stm32f407xx.o(RESET) refers to stm32f4xx_it.o(i.BusFault_Handler) for BusFault_Handler
    startup_stm32f407xx.o(RESET) refers to stm32f4xx_it.o(i.UsageFault_Handler) for UsageFault_Handler
    startup_stm32f407xx.o(RESET) refers to stm32f4xx_it.o(i.SVC_Handler) for SVC_Handler
    startup_stm32f407xx.o(RESET) refers to stm32f4xx_it.o(i.DebugMon_Handler) for DebugMon_Handler
    startup_stm32f407xx.o(RESET) refers to stm32f4xx_it.o(i.PendSV_Handler) for PendSV_Handler
    startup_stm32f407xx.o(RESET) refers to stm32f4xx_it.o(i.SysTick_Handler) for SysTick_Handler
    startup_stm32f407xx.o(RESET) refers to stm32f4xx_it.o(i.EXTI4_IRQHandler) for EXTI4_IRQHandler
    startup_stm32f407xx.o(RESET) refers to stm32f4xx_it.o(i.DMA1_Stream1_IRQHandler) for DMA1_Stream1_IRQHandler
    startup_stm32f407xx.o(RESET) refers to stm32f4xx_it.o(i.CAN1_RX0_IRQHandler) for CAN1_RX0_IRQHandler
    startup_stm32f407xx.o(RESET) refers to stm32f4xx_it.o(i.USART1_IRQHandler) for USART1_IRQHandler
    startup_stm32f407xx.o(RESET) refers to remote_control.o(i.USART3_IRQHandler) for USART3_IRQHandler
    startup_stm32f407xx.o(RESET) refers to stm32f4xx_it.o(i.DMA2_Stream0_IRQHandler) for DMA2_Stream0_IRQHandler
    startup_stm32f407xx.o(RESET) refers to stm32f4xx_it.o(i.DMA2_Stream2_IRQHandler) for DMA2_Stream2_IRQHandler
    startup_stm32f407xx.o(RESET) refers to stm32f4xx_it.o(i.DMA2_Stream3_IRQHandler) for DMA2_Stream3_IRQHandler
    startup_stm32f407xx.o(RESET) refers to stm32f4xx_it.o(i.CAN2_RX0_IRQHandler) for CAN2_RX0_IRQHandler
    startup_stm32f407xx.o(.text) refers (Special) to heapauxi.o(.text) for __use_two_region_memory
    startup_stm32f407xx.o(.text) refers to system_stm32f4xx.o(i.SystemInit) for SystemInit
    startup_stm32f407xx.o(.text) refers to __main.o(!!!main) for __main
    startup_stm32f407xx.o(.text) refers to startup_stm32f407xx.o(HEAP) for Heap_Mem
    startup_stm32f407xx.o(.text) refers to startup_stm32f407xx.o(STACK) for Stack_Mem
    main.o(i.SystemClock_Config) refers to rt_memclr_w.o(.text) for __aeabi_memclr4
    main.o(i.SystemClock_Config) refers to stm32f4xx_hal_rcc.o(i.HAL_RCC_OscConfig) for HAL_RCC_OscConfig
    main.o(i.SystemClock_Config) refers to stm32f4xx_hal_rcc.o(i.HAL_RCC_ClockConfig) for HAL_RCC_ClockConfig
    main.o(i.main) refers to stm32f4xx_hal.o(i.HAL_Init) for HAL_Init
    main.o(i.main) refers to main.o(i.SystemClock_Config) for SystemClock_Config
    main.o(i.main) refers to gpio.o(i.MX_GPIO_Init) for MX_GPIO_Init
    main.o(i.main) refers to dma.o(i.MX_DMA_Init) for MX_DMA_Init
    main.o(i.main) refers to can.o(i.MX_CAN1_Init) for MX_CAN1_Init
    main.o(i.main) refers to can.o(i.MX_CAN2_Init) for MX_CAN2_Init
    main.o(i.main) refers to spi.o(i.MX_SPI1_Init) for MX_SPI1_Init
    main.o(i.main) refers to tim.o(i.MX_TIM10_Init) for MX_TIM10_Init
    main.o(i.main) refers to usart.o(i.MX_USART1_UART_Init) for MX_USART1_UART_Init
    main.o(i.main) refers to usart.o(i.MX_USART3_UART_Init) for MX_USART3_UART_Init
    main.o(i.main) refers to usart.o(i.MX_USART6_UART_Init) for MX_USART6_UART_Init
    main.o(i.main) refers to bmi088driver.o(i.BMI088_init) for BMI088_init
    main.o(i.main) refers to imu_temp_control_task.o(i.imu_temp_control_init) for imu_temp_control_init
    main.o(i.main) refers to remote_control.o(i.remote_control_init) for remote_control_init
    main.o(i.main) refers to chassis.o(i.chassis_init) for chassis_init
    main.o(i.main) refers to motor_control.o(i.GM6020_position_loop_init) for GM6020_position_loop_init
    main.o(i.main) refers to motor_control.o(i.GM6020_pos_loop) for GM6020_pos_loop
    main.o(i.main) refers to stm32f4xx_hal.o(i.HAL_Delay) for HAL_Delay
    gpio.o(i.MX_GPIO_Init) refers to rt_memclr_w.o(.text) for __aeabi_memclr4
    gpio.o(i.MX_GPIO_Init) refers to stm32f4xx_hal_gpio.o(i.HAL_GPIO_WritePin) for HAL_GPIO_WritePin
    gpio.o(i.MX_GPIO_Init) refers to stm32f4xx_hal_gpio.o(i.HAL_GPIO_Init) for HAL_GPIO_Init
[...]
    i.BMI088_GYRO_NS_L                       0x08000454   Section        0  bmi088middleware.o(i.BMI088_GYRO_NS_L)
    i.BMI088_com_init                        0x08000464   Section        0  bmi088middleware.o(i.BMI088_com_init)
    i.BMI088_delay_ms                        0x08000466   Section        0  bmi088middleware.o(i.BMI088_delay_ms)
    i.BMI088_delay_us                        0x0800047e   Section        0  bmi088middleware.o(i.BMI088_delay_us)
    i.BMI088_init                            0x080004ac   Section        0  bmi088driver.o(i.BMI088_init)
    i.BMI088_read_single_reg                 0x080004c4   Section        0  bmi088driver.o(i.BMI088_read_single_reg)
    BMI088_read_single_reg                   0x080004c5   Thumb Code    22  bmi088driver.o(i.BMI088_read_single_reg)
    i.BMI088_read_write_byte                 0x080004dc   Section        0  bmi088middleware.o(i.BMI088_read_write_byte)
    i.BMI088_write_single_reg                0x080004fc   Section        0  bmi088driver.o(i.BMI088_write_single_reg)
    BMI088_write_single_reg                  0x080004fd   Thumb Code    18  bmi088driver.o(i.BMI088_write_single_reg)
    i.BusFault_Handler                       0x0800050e   Section        0  stm32f4xx_it.o(i.BusFault_Handler)
    i.CAN1_RX0_IRQHandler                    0x08000510   Section        0  stm32f4xx_it.o(i.CAN1_RX0_IRQHandler)
    i.CAN2_RX0_IRQHandler                    0x0800051c   Section        0  stm32f4xx_it.o(i.CAN2_RX0_IRQHandler)
    i.CAN_cmd_gimbal                         0x08000528   Section        0  can_receive.o(i.CAN_cmd_gimbal)
    i.DMA1_Stream1_IRQHandler                0x08000570   Section        0  stm32f4xx_it.o(i.DMA1_Stream1_IRQHandler)
    i.DMA2_Stream0_IRQHandler                0x0800057c   Section        0  stm32f4xx_it.o(i.DMA2_Stream0_IRQHandler)
    i.DMA2_Stream2_IRQHandler                0x08000588   Section        0  stm32f4xx_it.o(i.DMA2_Stream2_IRQHandler)
    i.DMA2_Stream3_IRQHandler                0x08000594   Section        0  stm32f4xx_it.o(i.DMA2_Stream3_IRQHandler)
    i.DMA_CalcBaseAndBitshift                0x080005a0   Section        0  stm32f4xx_hal_dma.o(i.DMA_CalcBaseAndBitshift)
    DMA_CalcBaseAndBitshift                  0x080005a1   Thumb Code    34  stm32f4xx_hal_dma.o(i.DMA_CalcBaseAndBitshift)
    i.DMA_CheckFifoParam                     0x080005c8   Section        0  stm32f4xx_hal_dma.o(i.DMA_CheckFifoParam)
    DMA_CheckFifoParam                       0x080005c9   Thumb Code    84  stm32f4xx_hal_dma.o(i.DMA_CheckFifoParam)
    i.DebugMon_Handler                       0x0800061c   Section        0  stm32f4xx_it.o(i.DebugMon_Handler)
    i.EXTI4_IRQHandler                       0x0800061e   Section        0  stm32f4xx_it.o(i.EXTI4_IRQHandler)
    i.Error_Handler                          0x08000624   Section        0  main.o(i.Error_Handler)
    i.GM6020_pos_loop                        0x08000628   Section        0  motor_control.o(i.GM6020_pos_loop)
    i.GM6020_position_loop_init              0x080006c0   Section        0  motor_control.o(i.GM6020_position_loop_init)
    i.HAL_CAN_ActivateNotification           0x08000714   Section        0  stm32f4xx_hal_can.o(i.HAL_CAN_ActivateNotification)
    i.HAL_CAN_AddTxMessage                   0x08000738   Section        0  stm32f4xx_hal_can.o(i.HAL_CAN_AddTxMessage)
    i.HAL_CAN_ConfigFilter                   0x080007f4   Section        0  stm32f4xx_hal_can.o(i.HAL_CAN_ConfigFilter)
    i.HAL_CAN_ErrorCallback                  0x08000900   Section        0  stm32f4xx_hal_can.o(i.HAL_CAN_ErrorCallback)
    i.HAL_CAN_GetRxMessage                   0x08000902   Section        0  stm32f4xx_hal_can.o(i.HAL_CAN_GetRxMessage)
    i.HAL_CAN_IRQHandler                     0x080009f6   Section        0  stm32f4xx_hal_can.o(i.HAL_CAN_IRQHandler)
    i.HAL_CAN_Init                           0x08000bf2   Section        0  stm32f4xx_hal_can.o(i.HAL_CAN_Init)
    i.HAL_CAN_MspInit                        0x08000d0c   Section        0  can.o(i.HAL_CAN_MspInit)
    i.HAL_CAN_RxFifo0FullCallback            0x08000e08   Section        0  stm32f4xx_hal_can.o(i.HAL_CAN_RxFifo0FullCallback)
    i.HAL_CAN_RxFifo0MsgPendingCallback      0x08000e0c   Section        0  can_receive.o(i.HAL_CAN_RxFifo0MsgPendingCallback)
    i.HAL_CAN_RxFifo1FullCallback            0x08000f30   Section        0  stm32f4xx_hal_can.o(i.HAL_CAN_RxFifo1FullCallback)
    i.HAL_CAN_RxFifo1MsgPendingCallback      0x08000f32   Section        0  stm32f4xx_hal_can.o(i.HAL_CAN_RxFifo1MsgPendingCallback)
    i.HAL_CAN_SleepCallback                  0x08000f34   Section        0  stm32f4xx_hal_can.o(i.HAL_CAN_SleepCallback)
    i.HAL_CAN_Start                          0x08000f38   Section        0  stm32f4xx_hal_can.o(i.HAL_CAN_Start)
    i.HAL_CAN_TxMailbox0AbortCallback        0x08000f90   Section        0  stm32f4xx_hal_can.o(i.HAL_CAN_TxMailbox0AbortCallback)
    i.HAL_CAN_TxMailbox0CompleteCallback     0x08000f92   Section        0  stm32f4xx_hal_can.o(i.HAL_CAN_TxMailbox0CompleteCallback)
    i.HAL_CAN_TxMailbox1AbortCallback        0x08000f94   Section        0  stm32f4xx_hal_can.o(i.HAL_CAN_TxMailbox1AbortCallback)
    i.HAL_CAN_TxMailbox1CompleteCallback     0x08000f96   Section        0  stm32f4xx_hal_can.o(i.HAL_CAN_TxMailbox1CompleteCallback)
    i.HAL_CAN_TxMailbox2AbortCallback        0x08000f98   Section        0  stm32f4xx_hal_can.o(i.HAL_CAN_TxMailbox2AbortCallback)
    i.HAL_CAN_TxMailbox2CompleteCallback     0x08000f9a   Section        0  stm32f4xx_hal_can.o(i.HAL_CAN_TxMailbox2CompleteCallback)
    i.HAL_CAN_WakeUpFromRxMsgCallback        0x08000f9c   Section        0  stm32f4xx_hal_can.o(i.HAL_CAN_WakeUpFromRxMsgCallback)
    i.HAL_DMA_Abort                          0x08000f9e   Section        0  stm32f4xx_hal_dma.o(i.HAL_DMA_Abort)
    i.HAL_DMA_Abort_IT                       0x08001030   Section        0  stm32f4xx_hal_dma.o(i.HAL_DMA_Abort_IT)
    i.HAL_DMA_IRQHandler                     0x08001054   Section        0  stm32f4xx_hal_dma.o(i.HAL_DMA_IRQHandler)
    i.HAL_DMA_Init                           0x080011f4   Section        0  stm32f4xx_hal_dma.o(i.HAL_DMA_Init)
    i.HAL_Delay                              0x080012c8   Section        0  stm32f4xx_hal.o(i.HAL_Delay)
    i.HAL_GPIO_EXTI_Callback                 0x080012ec   Section        0  stm32f4xx_hal_gpio.o(i.HAL_GPIO_EXTI_Callback)
    i.HAL_GPIO_EXTI_IRQHandler               0x080012f0   Section        0  stm32f4xx_hal_gpio.o(i.HAL_GPIO_EXTI_IRQHandler)
    i.HAL_GPIO_Init                          0x08001308   Section        0  stm32f4xx_hal_gpio.o(i.HAL_GPIO_Init)
    i.HAL_GPIO_WritePin                      0x080014f8   Section        0  stm32f4xx_hal_gpio.o(i.HAL_GPIO_WritePin)
    i.HAL_GetTick                            0x08001504   Section        0  stm32f4xx_hal.o(i.HAL_GetTick)
    i.HAL_IncTick                            0x08001510   Section        0  stm32f4xx_hal.o(i.HAL_IncTick)
    i.HAL_Init                               0x08001520   Section        0  stm32f4xx_hal.o(i.HAL_Init)
    i.HAL_InitTick                           0x08001554   Section        0  stm32f4xx_hal.o(i.HAL_InitTick)
    i.HAL_MspInit                            0x08001594   Section        0  stm32f4xx_hal_msp.o(i.HAL_MspInit)
    i.HAL_NVIC_EnableIRQ                     0x080015c4   Section        0  stm32f4xx_hal_cortex.o(i.HAL_NVIC_EnableIRQ)
    i.HAL_NVIC_SetPriority                   0x080015e0   Section        0  stm32f4xx_hal_cortex.o(i.HAL_NVIC_SetPriority)
    i.HAL_NVIC_SetPriorityGrouping           0x08001620   Section        0  stm32f4xx_hal_cortex.o(i.HAL_NVIC_SetPriorityGrouping)
    i.HAL_RCC_ClockConfig                    0x08001644   Section        0  stm32f4xx_hal_rcc.o(i.HAL_RCC_ClockConfig)
    i.HAL_RCC_GetPCLK1Freq                   0x08001778   Section        0  stm32f4xx_hal_rcc.o(i.HAL_RCC_GetPCLK1Freq)
    i.HAL_RCC_GetPCLK2Freq                   0x08001798   Section        0  stm32f4xx_hal_rcc.o(i.HAL_RCC_GetPCLK2Freq)
    i.HAL_RCC_GetSysClockFreq                0x080017b8   Section        0  stm32f4xx_hal_rcc.o(i.HAL_RCC_GetSysClockFreq)
    i.HAL_RCC_OscConfig                      0x0800181c   Section        0  stm32f4xx_hal_rcc.o(i.HAL_RCC_OscConfig)
    i.HAL_SPI_Init                           0x08001b88   Section        0  stm32f4xx_hal_spi.o(i.HAL_SPI_Init)
    i.HAL_SPI_MspInit                        0x08001c44   Section        0  spi.o(i.HAL_SPI_MspInit)
    i.HAL_SPI_TransmitReceive                0x08001d40   Section        0  stm32f4xx_hal_spi.o(i.HAL_SPI_TransmitReceive)
    i.HAL_SYSTICK_Config                     0x08001f2e   Section        0  stm32f4xx_hal_cortex.o(i.HAL_SYSTICK_Config)
    i.HAL_TIM_Base_Init                      0x08001f56   Section        0  stm32f4xx_hal_tim.o(i.HAL_TIM_Base_Init)
    i.HAL_TIM_Base_MspInit                   0x08001fb0   Section        0  tim.o(i.HAL_TIM_Base_MspInit)
    i.HAL_TIM_Base_Start                     0x08001fd8   Section        0  stm32f4xx_hal_tim.o(i.HAL_TIM_Base_Start)
    i.HAL_TIM_MspPostInit                    0x08002050   Section        0  tim.o(i.HAL_TIM_MspPostInit)
    i.HAL_TIM_PWM_ConfigChannel              0x080020b4   Section        0  stm32f4xx_hal_tim.o(i.HAL_TIM_PWM_ConfigChannel)
    i.HAL_TIM_PWM_Init                       0x08002180   Section        0  stm32f4xx_hal_tim.o(i.HAL_TIM_PWM_Init)
    i.HAL_TIM_PWM_MspInit                    0x080021da   Section        0  stm32f4xx_hal_tim.o(i.HAL_TIM_PWM_MspInit)
    i.HAL_TIM_PWM_Start                      0x080021dc   Section        0  stm32f4xx_hal_tim.o(i.HAL_TIM_PWM_Start)
    i.HAL_UARTEx_RxEventCallback             0x080022a4   Section        0  stm32f4xx_hal_uart.o(i.HAL_UARTEx_RxEventCallback)
    i.HAL_UART_ErrorCallback                 0x080022a6   Section        0  stm32f4xx_hal_uart.o(i.HAL_UART_ErrorCallback)
    i.HAL_UART_IRQHandler                    0x080022a8   Section        0  stm32f4xx_hal_uart.o(i.HAL_UART_IRQHandler)
    i.HAL_UART_Init                          0x08002518   Section        0  stm32f4xx_hal_uart.o(i.HAL_UART_Init)
    i.HAL_UART_MspInit                       0x0800257c   Section        0  usart.o(i.HAL_UART_MspInit)
    i.HAL_UART_RxCpltCallback                0x0800273c   Section        0  stm32f4xx_hal_uart.o(i.HAL_UART_RxCpltCallback)
    i.HAL_UART_TxCpltCallback                0x0800273e   Section        0  stm32f4xx_hal_uart.o(i.HAL_UART_TxCpltCallback)
    i.HardFault_Handler                      0x08002740   Section        0  stm32f4xx_it.o(i.HardFault_Handler)
    i.MX_CAN1_Init                           0x08002744   Section        0  can.o(i.MX_CAN1_Init)
    i.MX_CAN2_Init                           0x08002788   Section        0  can.o(i.MX_CAN2_Init)
    i.MX_DMA_Init                            0x080027cc   Section        0  dma.o(i.MX_DMA_Init)
    i.MX_GPIO_Init                           0x08002838   Section        0  gpio.o(i.MX_GPIO_Init)
    i.MX_SPI1_Init                           0x08002974   Section        0  spi.o(i.MX_SPI1_Init)
    i.MX_TIM10_Init                          0x080029bc   Section        0  tim.o(i.MX_TIM10_Init)
    i.MX_USART1_UART_Init                    0x08002a20   Section        0  usart.o(i.MX_USART1_UART_Init)
    i.MX_USART3_UART_Init                    0x08002a58   Section        0  usart.o(i.MX_USART3_UART_Init)
    i.MX_USART6_UART_Init                    0x08002a98   Section        0  usart.o(i.MX_USART6_UART_Init)
    i.MemManage_Handler                      0x08002ad0   Section        0  stm32f4xx_it.o(i.MemManage_Handler)
    i.NMI_Handler                            0x08002ad2   Section        0  stm32f4xx_it.o(i.NMI_Handler)
    i.PID_calc                               0x08002ad4   Section        0  pid.o(i.PID_calc)
    i.PID_init                               0x08002bfc   Section        0  pid.o(i.PID_init)
    i.PendSV_Handler                         0x08002c58   Section        0  stm32f4xx_it.o(i.PendSV_Handler)
    i.RC_init                                0x08002c5c   Section        0  bsp_rc.o(i.RC_init)
    i.SPI_EndRxTxTransaction                 0x08002cbc   Section        0  stm32f4xx_hal_spi.o(i.SPI_EndRxTxTransaction)
    SPI_EndRxTxTransaction                   0x08002cbd   Thumb Code    98  stm32f4xx_hal_spi.o(i.SPI_EndRxTxTransaction)
    i.SPI_WaitFlagStateUntilTimeout          0x08002d28   Section        0  stm32f4xx_hal_spi.o(i.SPI_WaitFlagStateUntilTimeout)
    SPI_WaitFlagStateUntilTimeout            0x08002d29   Thumb Code   180  stm32f4xx_hal_spi.o(i.SPI_WaitFlagStateUntilTimeout)
    i.SVC_Handler                            0x08002de0   Section        0  stm32f4xx_it.o(i.SVC_Handler)
    i.SysTick_Handler                        0x08002de2   Section        0  stm32f4xx_it.o(i.SysTick_Handler)
    i.SystemClock_Config                     0x08002de8   Section        0  main.o(i.SystemClock_Config)
    i.SystemInit                             0x08002e7c   Section        0  system_stm32f4xx.o(i.SystemInit)
    i.TIM_Base_SetConfig                     0x08002e8c   Section        0  stm32f4xx_hal_tim.o(i.TIM_Base_SetConfig)
    i.TIM_CCxChannelCmd                      0x08002f64   Section        0  stm32f4xx_hal_tim.o(i.TIM_CCxChannelCmd)
    i.TIM_OC1_SetConfig                      0x08002f80   Section        0  stm32f4xx_hal_tim.o(i.TIM_OC1_SetConfig)
    TIM_OC1_SetConfig                        0x08002f81   Thumb Code    88  stm32f4xx_hal_tim.o(i.TIM_OC1_SetConfig)
    i.TIM_OC2_SetConfig                      0x08002fe0   Section        0  stm32f4xx_hal_tim.o(i.TIM_OC2_SetConfig)
    i.TIM_OC3_SetConfig                      0x0800304c   Section        0  stm32f4xx_hal_tim.o(i.TIM_OC3_SetConfig)
    TIM_OC3_SetConfig                        0x0800304d   Thumb Code    96  stm32f4xx_hal_tim.o(i.TIM_OC3_SetConfig)
    i.TIM_OC4_SetConfig                      0x080030b4   Section        0  stm32f4xx_hal_tim.o(i.TIM_OC4_SetConfig)
    TIM_OC4_SetConfig                        0x080030b5   Thumb Code    70  stm32f4xx_hal_tim.o(i.TIM_OC4_SetConfig)
    i.UART_DMAAbortOnError                   0x08003104   Section        0  stm32f4xx_hal_uart.o(i.UART_DMAAbortOnError)
    UART_DMAAbortOnError                     0x08003105   Thumb Code    16  stm32f4xx_hal_uart.o(i.UART_DMAAbortOnError)
    i.UART_EndRxTransfer                     0x08003114   Section        0  stm32f4xx_hal_uart.o(i.UART_EndRxTransfer)
    UART_EndRxTransfer                       0x08003115   Thumb Code    78  stm32f4xx_hal_uart.o(i.UART_EndRxTransfer)
    i.UART_Receive_IT                        0x08003162   Section        0  stm32f4xx_hal_uart.o(i.UART_Receive_IT)
    UART_Receive_IT                          0x08003163   Thumb Code   194  stm32f4xx_hal_uart.o(i.UART_Receive_IT)
    i.UART_SetConfig                         0x08003224   Section        0  stm32f4xx_hal_uart.o(i.UART_SetConfig)
    UART_SetConfig                           0x08003225   Thumb Code   258  stm32f4xx_hal_uart.o(i.UART_SetConfig)
    i.USART1_IRQHandler                      0x08003330   Section        0  stm32f4xx_it.o(i.USART1_IRQHandler)
    i.USART3_IRQHandler                      0x0800333c   Section        0  remote_control.o(i.USART3_IRQHandler)
    i.UsageFault_Handler                     0x080033f0   Section        0  stm32f4xx_it.o(i.UsageFault_Handler)
    i.__NVIC_SetPriority                     0x080033f2   Section        0  stm32f4xx_hal_cortex.o(i.__NVIC_SetPriority)
    __NVIC_SetPriority                       0x080033f3   Thumb Code    32  stm32f4xx_hal_cortex.o(i.__NVIC_SetPriority)
    i.abs_limit_fp                           0x08003412   Section        0  calc_lib.o(i.abs_limit_fp)
    i.bmi088_accel_init                      0x08003434   Section        0  bmi088driver.o(i.bmi088_accel_init)
    i.bmi088_gyro_init                       0x08003544   Section        0  bmi088driver.o(i.bmi088_gyro_init)
    i.can_filter_init                        0x08003620   Section        0  bsp_can.o(i.can_filter_init)
    i.chassis_init                           0x08003678   Section        0  chassis.o(i.chassis_init)
    i.get_chassis_motor_measure_point        0x080036dc   Section        0  can_receive.o(i.get_chassis_motor_measure_point)
    i.get_yaw_gimbal_motor_measure_point     0x080036f0   Section        0  can_receive.o(i.get_yaw_gimbal_motor_measure_point)
    i.gimbal_PID_calc                        0x080036f8   Section        0  motor_control.o(i.gimbal_PID_calc)
    i.gimbal_PID_init                        0x0800378c   Section        0  motor_control.o(i.gimbal_PID_init)
    i.imu_temp_control_init                  0x080037ac   Section        0  imu_temp_control_task.o(i.imu_temp_control_init)
    i.loop_fp32_constrain                    0x080037cc   Section        0  calc_lib.o(i.loop_fp32_constrain)
    i.main                                   0x08003814   Section        0  main.o(i.main)
    i.map                                    0x08003866   Section        0  remote_control.o(i.map)
    i.motor_ecd_to_angle_change              0x0800387c   Section        0  motor_control.o(i.motor_ecd_to_angle_change)
    i.remote_control_init                    0x080038bc   Section        0  remote_control.o(i.remote_control_init)
    i.sbus_to_rc                             0x080038cc   Section        0  remote_control.o(i.sbus_to_rc)
    sbus_to_rc                               0x080038cd   Thumb Code   516  remote_control.o(i.sbus_to_rc)
    x$fpl$dfix                               0x08003ae0   Section       94  dfix.o(x$fpl$dfix)
    $v0                                      0x08003ae0   Number         0  dfix.o(x$fpl$dfix)
    x$fpl$dflt                               0x08003b3e   Section       46  dflt_clz.o(x$fpl$dflt)
    $v0                                      0x08003b3e   Number         0  dflt_clz.o(x$fpl$dflt)
    x$fpl$dmul                               0x08003b6c   Section      340  dmul.o(x$fpl$dmul)
    $v0                                      0x08003b6c   Number         0  dmul.o(x$fpl$dmul)
    x$fpl$dnaninf                            0x08003cc0   Section      156  dnaninf.o(x$fpl$dnaninf)
    $v0                                      0x08003cc0   Number         0  dnaninf.o(x$fpl$dnaninf)
    x$fpl$dretinf                            0x08003d5c   Section       12  dretinf.o(x$fpl$dretinf)
    $v0                                      0x08003d5c   Number         0  dretinf.o(x$fpl$dretinf)
    x$fpl$fpinit                             0x08003d68   Section       10  fpinit.o(x$fpl$fpinit)
    $v0                                      0x08003d68   Number         0  fpinit.o(x$fpl$fpinit)
    .constdata                               0x08003d72   Section        8  stm32f4xx_hal_dma.o(.constdata)
    x$fpl$usenofp                            0x08003d72   Section        0  usenofp.o(x$fpl$usenofp)
    flagBitshiftOffset                       0x08003d72   Data           8  stm32f4xx_hal_dma.o(.constdata)
    .constdata                               0x08003d7a   Section       16  system_stm32f4xx.o(.constdata)
    .constdata                               0x08003d8a   Section        8  system_stm32f4xx.o(.constdata)
    .constdata                               0x08003d94   Section       12  imu_temp_control_task.o(.constdata)
    .constdata                               0x08003da0   Section       12  chassis.o(.constdata)
    .constdata                               0x08003dac   Section       48  motor_control.o(.constdata)
    .data                                    0x20000000   Section        4  can.o(.data)
    HAL_RCC_CAN1_CLK_ENABLED                 0x20000000   Data           4  can.o(.data)
    .data                                    0x20000004   Section       12  stm32f4xx_hal.o(.data)
    .data                                    0x20000010   Section        4  system_stm32f4xx.o(.data)
    .data                                    0x20000014   Section       17  can_receive.o(.data)
    i                                        0x20000014   Data           1  can_receive.o(.data)
    gimbal_can_send_data                     0x20000015   Data           8  can_receive.o(.data)
    chassis_can_send_data                    0x2000001d   Data           8  can_receive.o(.data)
    .data                                    0x20000026   Section        4  remote_control.o(.data)
    this_time_rx_len                         0x20000028   Data           2  remote_control.o(.data)
    .data                                    0x2000002c   Section        4  motor_control.o(.data)
    .data                                    0x20000030   Section       44  bmi088driver.o(.data)
    write_BMI088_accel_reg_data_error        0x20000038   Data          18  bmi088driver.o(.data)
    write_BMI088_gyro_reg_data_error         0x2000004a   Data          18  bmi088driver.o(.data)
    .bss                                     0x2000005c   Section       80  can.o(.bss)
    .bss                                     0x200000ac   Section      280  spi.o(.bss)
    .bss                                     0x200001c4   Section       72  tim.o(.bss)
    .bss                                     0x2000020c   Section      408  usart.o(.bss)
    .bss                                     0x200003a4   Section      208  can_receive.o(.bss)
    motor_chassis                            0x200003a4   Data         140  can_receive.o(.bss)
    gimbal_tx_message                        0x20000430   Data          24  can_receive.o(.bss)
    chassis_tx_message                       0x20000448   Data          24  can_receive.o(.bss)
    new_motor_6020                           0x20000460   Data          20  can_receive.o(.bss)
    .bss                                     0x20000474   Section      112  imu_temp_control_task.o(.bss)
    .bss                                     0x200004e4   Section       74  remote_control.o(.bss)
    sbus_rx_buf                              0x200004fc   Data          50  remote_control.o(.bss)
    .bss                                     0x20000530   Section      304  chassis.o(.bss)
    .bss                                     0x20000660   Section      736  motor_control.o(.bss)
    .bss                                     0x20000940   Section       96  libspace.o(.bss)
    HEAP                                     0x200009a0   Section      512  startup_stm32f407xx.o(HEAP)
    Heap_Mem                                 0x200009a0   Data         512  startup_stm32f407xx.o(HEAP)
    STACK                                    0x20000ba0   Section     1024  startup_stm32f407xx.o(STACK)
    Stack_Mem                                0x20000ba0   Data        1024  startup_stm32f407xx.o(STACK)
    __initial_sp                             0x20000fa0   Data           0  startup_stm32f407xx.o(STACK)

    Global Symbols

    Symbol Name                              Value     Ov Type        Size  Object(Section)

    BuildAttributes$$THM_ISAv4$E$P$D$K$B$S$7EM$VFPi3$EXTD16$VFPS$VFMA$PE$A:L22UL41UL21$X:L11$S22US41US21$IEEE1$IW$USESV6$~STKCKD$USESV7$~SHL$OSPACE$ROPI$EBA8$UX$STANDARDLIB$REQ8$PRES8$EABIv2 0x00000000   Number         0  anon$$obj.o ABSOLUTE
    __ARM_use_no_argv                        0x00000000   Number         0  main.o ABSOLUTE
    __ARM_exceptions_init                     - Undefined Weak Reference
    __alloca_initialize                       - Undefined Weak Reference
    __arm_preinit_                            - Undefined Weak Reference
    __cpp_initialize__aeabi_                  - Undefined Weak Reference
    __cxa_finalize                            - Undefined Weak Reference
    __rt_locale                               - Undefined Weak Reference
    __sigvec_lookup                           - Undefined Weak Reference
    _atexit_init                              - Undefined Weak Reference
    _call_atexit_fns                          - Undefined Weak Reference
    _clock_init                               - Undefined Weak Reference
    _fp_trap_init                             - Undefined Weak Reference
    _fp_trap_shutdown                         - Undefined Weak Reference
    _get_lc_collate                           - Undefined Weak Reference
    _get_lc_ctype                             - Undefined Weak Reference
    _get_lc_monetary                          - Undefined Weak Reference
    _get_lc_numeric                           - Undefined Weak Reference
    _get_lc_time                              - Undefined Weak Reference
    _getenv_init                              - Undefined Weak Reference
    _handle_redirection                       - Undefined Weak Reference
    _init_alloc                               - Undefined Weak Reference
    _init_user_alloc                          - Undefined Weak Reference
    _initio                                   - Undefined Weak Reference
    _rand_init                                - Undefined Weak Reference
    _signal_finish                            - Undefined Weak Reference
    _signal_init                              - Undefined Weak Reference
    _terminate_alloc                          - Undefined Weak Reference
    _terminate_user_alloc                     - Undefined Weak Reference
    _terminateio                              - Undefined Weak Reference
    __Vectors_Size                           0x00000188   Number         0  startup_stm32f407xx.o ABSOLUTE
    __Vectors                                0x08000000   Data           4  startup_stm32f407xx.o(RESET)
    __Vectors_End                            0x08000188   Data           0  startup_stm32f407xx.o(RESET)
    __main                                   0x08000189   Thumb Code     8  __main.o(!!!main)
    __scatterload                            0x08000191   Thumb Code     0  __scatter.o(!!!scatter)
    __scatterload_rt2                        0x08000191   Thumb Code    44  __scatter.o(!!!scatter)
    __scatterload_rt2_thumb_only             0x08000191   Thumb Code     0  __scatter.o(!!!scatter)
    __scatterload_null                       0x0800019f   Thumb Code     0  __scatter.o(!!!scatter)
    __scatterload_copy                       0x080001c5   Thumb Code    26  __scatter_copy.o(!!handler_copy)
    __scatterload_zeroinit                   0x080001e1   Thumb Code    28  __scatter_zi.o(!!handler_zi)
    __rt_lib_init                            0x080001fd   Thumb Code     0  libinit.o(.ARM.Collect$$libinit$$00000000)
    __rt_lib_init_fp_1                       0x080001ff   Thumb Code     0  libinit2.o(.ARM.Collect$$libinit$$00000001)
    __rt_lib_init_alloca_1                   0x08000203   Thumb Code     0  libinit2.o(.ARM.Collect$$libinit$$0000002E)
    __rt_lib_init_argv_1                     0x08000203   Thumb Code     0  libinit2.o(.ARM.Collect$$libinit$$0000002C)
    __rt_lib_init_atexit_1                   0x08000203   Thumb Code     0  libinit2.o(.ARM.Collect$$libinit$$0000001B)
    __rt_lib_init_clock_1                    0x08000203   Thumb Code     0  libinit2.o(.ARM.Collect$$libinit$$00000021)
    __rt_lib_init_cpp_1                      0x08000203   Thumb Code     0  libinit2.o(.ARM.Collect$$libinit$$00000032)
    __rt_lib_init_exceptions_1               0x08000203   Thumb Code     0  libinit2.o(.ARM.Collect$$libinit$$00000030)
    __rt_lib_init_fp_trap_1                  0x08000203   Thumb Code     0  libinit2.o(.ARM.Collect$$libinit$$0000001F)
    __rt_lib_init_getenv_1                   0x08000203   Thumb Code     0  libinit2.o(.ARM.Collect$$libinit$$00000023)
    __rt_lib_init_heap_1                     0x08000203   Thumb Code     0  libinit2.o(.ARM.Collect$$libinit$$0000000A)
    __rt_lib_init_lc_collate_1               0x08000203   Thumb Code     0  libinit2.o(.ARM.Collect$$libinit$$00000011)
    __rt_lib_init_lc_ctype_1                 0x08000203   Thumb Code     0  libinit2.o(.ARM.Collect$$libinit$$00000013)
    __rt_lib_init_lc_monetary_1              0x08000203   Thumb Code     0  libinit2.o(.ARM.Collect$$libinit$$00000015)
    __rt_lib_init_lc_numeric_1               0x08000203   Thumb Code     0  libinit2.o(.ARM.Collect$$libinit$$00000017)
    __rt_lib_init_lc_time_1                  0x08000203   Thumb Code     0  libinit2.o(.ARM.Collect$$libinit$$00000019)
    __rt_lib_init_preinit_1                  0x08000203   Thumb Code     0  libinit2.o(.ARM.Collect$$libinit$$00000004)
    __rt_lib_init_rand_1                     0x08000203   Thumb Code     0  libinit2.o(.ARM.Collect$$libinit$$0000000E)
    __rt_lib_init_return                     0x08000203   Thumb Code     0  libinit2.o(.ARM.Collect$$libinit$$00000033)
    __rt_lib_init_signal_1                   0x08000203   Thumb Code     0  libinit2.o(.ARM.Collect$$libinit$$0000001D)
    __rt_lib_init_stdio_1                    0x08000203   Thumb Code     0  libinit2.o(.ARM.Collect$$libinit$$00000025)
    __rt_lib_init_user_alloc_1               0x08000203   Thumb Code     0  libinit2.o(.ARM.Collect$$libinit$$0000000C)
    __rt_lib_shutdown                        0x08000205   Thumb Code     0  libshutdown.o(.ARM.Collect$$libshutdown$$00000000)
    __rt_lib_shutdown_cpp_1                  0x08000207   Thumb Code     0  libshutdown2.o(.ARM.Collect$$libshutdown$$00000002)
    __rt_lib_shutdown_fp_trap_1              0x08000207   Thumb Code     0  libshutdown2.o(.ARM.Collect$$libshutdown$$00000007)
    __rt_lib_shutdown_heap_1                 0x08000207   Thumb Code     0  libshutdown2.o(.ARM.Collect$$libshutdown$$0000000F)
    __rt_lib_shutdown_return                 0x08000207   Thumb Code     0  libshutdown2.o(.ARM.Collect$$libshutdown$$00000010)
    __rt_lib_shutdown_signal_1               0x08000207   Thumb Code     0  libshutdown2.o(.ARM.Collect$$libshutdown$$0000000A)
    __rt_lib_shutdown_stdio_1                0x08000207   Thumb Code     0  libshutdown2.o(.ARM.Collect$$libshutdown$$00000004)
    __rt_lib_shutdown_user_alloc_1           0x08000207   Thumb Code     0  libshutdown2.o(.ARM.Collect$$libshutdown$$0000000C)
    __rt_entry                               0x08000209   Thumb Code     0  __rtentry.o(.ARM.Collect$$rtentry$$00000000)
    __rt_entry_presh_1                       0x08000209   Thumb Code     0  __rtentry2.o(.ARM.Collect$$rtentry$$00000002)
    __rt_entry_sh                            0x08000209   Thumb Code     0  __rtentry4.o(.ARM.Collect$$rtentry$$00000004)
    __rt_entry_li                            0x0800020f   Thumb Code     0  __rtentry2.o(.ARM.Collect$$rtentry$$0000000A)
    __rt_entry_postsh_1                      0x0800020f   Thumb Code     0  __rtentry2.o(.ARM.Collect$$rtentry$$00000009)
    __rt_entry_main                          0x08000213   Thumb Code     0  __rtentry2.o(.ARM.Collect$$rtentry$$0000000D)
    __rt_entry_postli_1                      0x08000213   Thumb Code     0  __rtentry2.o(.ARM.Collect$$rtentry$$0000000C)
    __rt_exit                                0x0800021b   Thumb Code     0  rtexit.o(.ARM.Collect$$rtexit$$00000000)
    __rt_exit_ls                             0x0800021d   Thumb Code     0  rtexit2.o(.ARM.Collect$$rtexit$$00000003)
    __rt_exit_prels_1                        0x0800021d   Thumb Code     0  rtexit2.o(.ARM.Collect$$rtexit$$00000002)
    __rt_exit_exit                           0x08000221   Thumb Code     0  rtexit2.o(.ARM.Collect$$rtexit$$00000004)
    Reset_Handler                            0x08000229   Thumb Code     8  startup_stm32f407xx.o(.text)
    ADC_IRQHandler                           0x08000243   Thumb Code     0  startup_stm32f407xx.o(.text)
    CAN1_RX1_IRQHandler                      0x08000243   Thumb Code     0  startup_stm32f407xx.o(.text)
    CAN1_SCE_IRQHandler                      0x08000243   Thumb Code     0  startup_stm32f407xx.o(.text)
    CAN1_TX_IRQHandler                       0x08000243   Thumb Code     0  startup_stm32f407xx.o(.text)
    CAN2_RX1_IRQHandler                      0x08000243   Thumb Code     0  startup_stm32f407xx.o(.text)
    CAN2_SCE_IRQHandler                      0x08000243   Thumb Code     0  startup_stm32f407xx.o(.text)
    CAN2_TX_IRQHandler                       0x08000243   Thumb Code     0  startup_stm32f407xx.o(.text)
    DCMI_IRQHandler                          0x08000243   Thumb Code     0  startup_stm32f407xx.o(.text)
    DMA1_Stream0_IRQHandler                  0x08000243   Thumb Code     0  startup_stm32f407xx.o(.text)
    DMA1_Stream2_IRQHandler                  0x08000243   Thumb Code     0  startup_stm32f407xx.o(.text)
    DMA1_Stream3_IRQHandler                  0x08000243   Thumb Code     0  startup_stm32f407xx.o(.text)
    DMA1_Stream4_IRQHandler                  0x08000243   Thumb Code     0  startup_stm32f407xx.o(.text)
    DMA1_Stream5_IRQHandler                  0x08000243   Thumb Code     0  startup_stm32f407xx.o(.text)
    DMA1_Stream6_IRQHandler                  0x08000243   Thumb Code     0  startup_stm32f407xx.o(.text)
    DMA1_Stream7_IRQHandler                  0x08000243   Thumb Code     0  startup_stm32f407xx.o(.text)
    DMA2_Stream1_IRQHandler                  0x08000243   Thumb Code     0  startup_stm32f407xx.o(.text)
    DMA2_Stream4_IRQHandler                  0x08000243   Thumb Code     0  startup_stm32f407xx.o(.text)
    DMA2_Stream5_IRQHandler                  0x08000243   Thumb Code     0  startup_stm32f407xx.o(.text)
    DMA2_Stream6_IRQHandler                  0x08000243   Thumb Code     0  startup_stm32f407xx.o(.text)
    DMA2_Stream7_IRQHandler                  0x08000243   Thumb Code     0  startup_stm32f407xx.o(.text)
    ETH_IRQHandler                           0x08000243   Thumb Code     0  startup_stm32f407xx.o(.text)
    ETH_WKUP_IRQHandler                      0x08000243   Thumb Code     0  startup_stm32f407xx.o(.text)
    EXTI0_IRQHandler                         0x08000243   Thumb Code     0  startup_stm32f407xx.o(.text)
    EXTI15_10_IRQHandler                     0x08000243   Thumb Code     0  startup_stm32f407xx.o(.text)
    EXTI1_IRQHandler                         0x08000243   Thumb Code     0  startup_stm32f407xx.o(.text)
    EXTI2_IRQHandler                         0x08000243   Thumb Code     0  startup_stm32f407xx.o(.text)
    EXTI3_IRQHandler                         0x08000243   Thumb Code     0  startup_stm32f407xx.o(.text)
    EXTI9_5_IRQHandler                       0x08000243   Thumb Code     0  startup_stm32f407xx.o(.text)
    FLASH_IRQHandler                         0x08000243   Thumb Code     0  startup_stm32f407xx.o(.text)
    FMC_IRQHandler                           0x08000243   Thumb Code     0  startup_stm32f407xx.o(.text)
    FPU_IRQHandler                           0x08000243   Thumb Code     0  startup_stm32f407xx.o(.text)
    HASH_RNG_IRQHandler                      0x08000243   Thumb Code     0  startup_stm32f407xx.o(.text)
    I2C1_ER_IRQHandler                       0x08000243   Thumb Code     0  startup_stm32f407xx.o(.text)
    I2C1_EV_IRQHandler                       0x08000243   Thumb Code     0  startup_stm32f407xx.o(.text)
    I2C2_ER_IRQHandler                       0x08000243   Thumb Code     0  startup_stm32f407xx.o(.text)
    I2C2_EV_IRQHandler                       0x08000243   Thumb Code     0  startup_stm32f407xx.o(.text)
    I2C3_ER_IRQHandler                       0x08000243   Thumb Code     0  startup_stm32f407xx.o(.text)
    I2C3_EV_IRQHandler                       0x08000243   Thumb Code     0  startup_stm32f407xx.o(.text)
    OTG_FS_IRQHandler                        0x08000243   Thumb Code     0  startup_stm32f407xx.o(.text)
    OTG_FS_WKUP_IRQHandler                   0x08000243   Thumb Code     0  startup_stm32f407xx.o(.text)
    OTG_HS_EP1_IN_IRQHandler                 0x08000243   Thumb Code     0  startup_stm32f407xx.o(.text)
    OTG_HS_EP1_OUT_IRQHandler                0x08000243   Thumb Code     0  startup_stm32f407xx.o(.text)
    OTG_HS_IRQHandler                        0x08000243   Thumb Code     0  startup_stm32f407xx.o(.text)
    OTG_HS_WKUP_IRQHandler                   0x08000243   Thumb Code     0  startup_stm32f407xx.o(.text)
    PVD_IRQHandler                           0x08000243   Thumb Code     0  startup_stm32f407xx.o(.text)
    RCC_IRQHandler                           0x08000243   Thumb Code     0  startup_stm32f407xx.o(.text)
    RTC_Alarm_IRQHandler                     0x08000243   Thumb Code     0  startup_stm32f407xx.o(.text)
    RTC_WKUP_IRQHandler                      0x08000243   Thumb Code     0  startup_stm32f407xx.o(.text)
    SDIO_IRQHandler                          0x08000243   Thumb Code     0  startup_stm32f407xx.o(.text)
    SPI1_IRQHandler                          0x08000243   Thumb Code     0  startup_stm32f407xx.o(.text)
    SPI2_IRQHandler                          0x08000243   Thumb Code     0  startup_stm32f407xx.o(.text)
    SPI3_IRQHandler                          0x08000243   Thumb Code     0  startup_stm32f407xx.o(.text)
    TAMP_STAMP_IRQHandler                    0x08000243   Thumb Code     0  startup_stm32f407xx.o(.text)
    TIM1_BRK_TIM9_IRQHandler                 0x08000243   Thumb Code     0  startup_stm32f407xx.o(.text)
    TIM1_CC_IRQHandler                       0x08000243   Thumb Code     0  startup_stm32f407xx.o(.text)
    TIM1_TRG_COM_TIM11_IRQHandler            0x08000243   Thumb Code     0  startup_stm32f407xx.o(.text)
    TIM1_UP_TIM10_IRQHandler                 0x08000243   Thumb Code     0  startup_stm32f407xx.o(.text)
    TIM2_IRQHandler                          0x08000243   Thumb Code     0  startup_stm32f407xx.o(.text)
    TIM3_IRQHandler                          0x08000243   Thumb Code     0  startup_stm32f407xx.o(.text)
    TIM4_IRQHandler                          0x08000243   Thumb Code     0  startup_stm32f407xx.o(.text)
    TIM5_IRQHandler                          0x08000243   Thumb Code     0  startup_stm32f407xx.o(.text)
    TIM6_DAC_IRQHandler                      0x08000243   Thumb Code     0  startup_stm32f407xx.o(.text)
    TIM7_IRQHandler                          0x08000243   Thumb Code     0  startup_stm32f407xx.o(.text)
    TIM8_BRK_TIM12_IRQHandler                0x08000243   Thumb Code     0  startup_stm32f407xx.o(.text)
    TIM8_CC_IRQHandler                       0x08000243   Thumb Code     0  startup_stm32f407xx.o(.text)
    TIM8_TRG_COM_TIM14_IRQHandler            0x08000243   Thumb Code     0  startup_stm32f407xx.o(.text)
    TIM8_UP_TIM13_IRQHandler                 0x08000243   Thumb Code     0  startup_stm32f407xx.o(.text)
    UART4_IRQHandler                         0x08000243   Thumb Code     0  startup_stm32f407xx.o(.text)
    UART5_IRQHandler                         0x08000243   Thumb Code     0  startup_stm32f407xx.o(.text)
    USART2_IRQHandler                        0x08000243   Thumb Code     0  startup_stm32f407xx.o(.text)
    USART6_IRQHandler                        0x08000243   Thumb Code     0  startup_stm32f407xx.o(.text)
    WWDG_IRQHandler                          0x08000243   Thumb Code     0  startup_stm32f407xx.o(.text)
    __user_initial_stackheap                 0x08000245   Thumb Code     0  startup_stm32f407xx.o(.text)
    __aeabi_uldivmod                         0x08000269   Thumb Code     0  lludivv7m.o(.text)
    _ll_udiv                                 0x08000269   Thumb Code   238  lludivv7m.o(.text)
    __aeabi_memclr4                          0x08000357   Thumb Code     0  rt_memclr_w.o(.text)
    __aeabi_memclr8                          0x08000357   Thumb Code     0  rt_memclr_w.o(.text)
    __rt_memclr_w                            0x08000357   Thumb Code    78  rt_memclr_w.o(.text)
    _memset_w                                0x0800035b   Thumb Code     0  rt_memclr_w.o(.text)
    __use_two_region_memory                  0x080003a5   Thumb Code     2  heapauxi.o(.text)
    __rt_heap_escrow$2region                 0x080003a7   Thumb Code     2  heapauxi.o(.text)
    __rt_heap_expand$2region                 0x080003a9   Thumb Code     2  heapauxi.o(.text)
    __user_setup_stackheap                   0x080003ab   Thumb Code    74  sys_stackheap_outer.o(.text)
    exit                                     0x080003f5   Thumb Code    18  exit.o(.text)
    __user_libspace                          0x08000409   Thumb Code     8  libspace.o(.text)
    __user_perproc_libspace                  0x08000409   Thumb Code     0  libspace.o(.text)
    __user_perthread_libspace                0x08000409   Thumb Code     0  libspace.o(.text)
    _sys_exit                                0x08000411   Thumb Code     8  sys_exit.o(.text)
    __I$use$semihosting                      0x0800041d   Thumb Code     0  use_no_semi.o(.text)
    __use_no_semihosting_swi                 0x0800041d   Thumb Code     2  use_no_semi.o(.text)
    __semihosting_library_function           0x0800041f   Thumb Code     0  indicate_semi.o(.text)
    BMI088_ACCEL_NS_H                        0x08000421   Thumb Code    10  bmi088middleware.o(i.BMI088_ACCEL_NS_H)
    BMI088_ACCEL_NS_L                        0x08000431   Thumb Code    10  bmi088middleware.o(i.BMI088_ACCEL_NS_L)
    BMI088_GPIO_init                         0x08000441   Thumb Code     2  bmi088middleware.o(i.BMI088_GPIO_init)
    BMI088_GYRO_NS_H                         0x08000445   Thumb Code    10  bmi088middleware.o(i.BMI088_GYRO_NS_H)
    BMI088_GYRO_NS_L                         0x08000455   Thumb Code    10  bmi088middleware.o(i.BMI088_GYRO_NS_L)
    BMI088_com_init                          0x08000465   Thumb Code     2  bmi088middleware.o(i.BMI088_com_init)
    BMI088_delay_ms                          0x08000467   Thumb Code    24  bmi088middleware.o(i.BMI088_delay_ms)
    BMI088_delay_us                          0x0800047f   Thumb Code    46  bmi088middleware.o(i.BMI088_delay_us)
    BMI088_init                              0x080004ad   Thumb Code    24  bmi088driver.o(i.BMI088_init)
    BMI088_read_write_byte                   0x080004dd   Thumb Code    28  bmi088middleware.o(i.BMI088_read_write_byte)
    BusFault_Handler                         0x0800050f   Thumb Code     2  stm32f4xx_it.o(i.BusFault_Handler)
    CAN1_RX0_IRQHandler                      0x08000511   Thumb Code     6  stm32f4xx_it.o(i.CAN1_RX0_IRQHandler)
    CAN2_RX0_IRQHandler                      0x0800051d   Thumb Code     6  stm32f4xx_it.o(i.CAN2_RX0_IRQHandler)
    CAN_cmd_gimbal                           0x08000529   Thumb Code    60  can_receive.o(i.CAN_cmd_gimbal)
    DMA1_Stream1_IRQHandler                  0x08000571   Thumb Code     6  stm32f4xx_it.o(i.DMA1_Stream1_IRQHandler)
    DMA2_Stream0_IRQHandler                  0x0800057d   Thumb Code     6  stm32f4xx_it.o(i.DMA2_Stream0_IRQHandler)
    DMA2_Stream2_IRQHandler                  0x08000589   Thumb Code     6  stm32f4xx_it.o(i.DMA2_Stream2_IRQHandler)
    DMA2_Stream3_IRQHandler                  0x08000595   Thumb Code     6  stm32f4xx_it.o(i.DMA2_Stream3_IRQHandler)
    DebugMon_Handler                         0x0800061d   Thumb Code     2  stm32f4xx_it.o(i.DebugMon_Handler)
    EXTI4_IRQHandler                         0x0800061f   Thumb Code     6  stm32f4xx_it.o(i.EXTI4_IRQHandler)
    Error_Handler                            0x08000625   Thumb Code     4  main.o(i.Error_Handler)
    GM6020_pos_loop                          0x08000629   Thumb Code   140  motor_control.o(i.GM6020_pos_loop)
    GM6020_position_loop_init                0x080006c1   Thumb Code    58  motor_control.o(i.GM6020_position_loop_init)
    HAL_CAN_ActivateNotification             0x08000715   Thumb Code    36  stm32f4xx_hal_can.o(i.HAL_CAN_ActivateNotification)
    HAL_CAN_AddTxMessage                     0x08000739   Thumb Code   188  stm32f4xx_hal_can.o(i.HAL_CAN_AddTxMessage)
    HAL_CAN_ConfigFilter                     0x080007f5   Thumb Code   262  stm32f4xx_hal_can.o(i.HAL_CAN_ConfigFilter)
    HAL_CAN_ErrorCallback                    0x08000901   Thumb Code     2  stm32f4xx_hal_can.o(i.HAL_CAN_ErrorCallback)
    HAL_CAN_GetRxMessage                     0x08000903   Thumb Code   244  stm32f4xx_hal_can.o(i.HAL_CAN_GetRxMessage)
    HAL_CAN_IRQHandler                       0x080009f7   Thumb Code   508  stm32f4xx_hal_can.o(i.HAL_CAN_IRQHandler)
    HAL_CAN_Init                             0x08000bf3   Thumb Code   282  stm32f4xx_hal_can.o(i.HAL_CAN_Init)
    HAL_CAN_MspInit                          0x08000d0d   Thumb Code   226  can.o(i.HAL_CAN_MspInit)
    HAL_CAN_RxFifo0FullCallback              0x08000e09   Thumb Code     2  stm32f4xx_hal_can.o(i.HAL_CAN_RxFifo0FullCallback)
    HAL_CAN_RxFifo0MsgPendingCallback        0x08000e0d   Thumb Code   276  can_receive.o(i.HAL_CAN_RxFifo0MsgPendingCallback)
    HAL_CAN_RxFifo1FullCallback              0x08000f31   Thumb Code     2  stm32f4xx_hal_can.o(i.HAL_CAN_RxFifo1FullCallback)
    HAL_CAN_RxFifo1MsgPendingCallback        0x08000f33   Thumb Code     2  stm32f4xx_hal_can.o(i.HAL_CAN_RxFifo1MsgPendingCallback)
    HAL_CAN_SleepCallback                    0x08000f35   Thumb Code     2  stm32f4xx_hal_can.o(i.HAL_CAN_SleepCallback)
    HAL_CAN_Start                            0x08000f39   Thumb Code    88  stm32f4xx_hal_can.o(i.HAL_CAN_Start)
    HAL_CAN_TxMailbox0AbortCallback          0x08000f91   Thumb Code     2  stm32f4xx_hal_can.o(i.HAL_CAN_TxMailbox0AbortCallback)
    HAL_CAN_TxMailbox0CompleteCallback       0x08000f93   Thumb Code     2  stm32f4xx_hal_can.o(i.HAL_CAN_TxMailbox0CompleteCallback)
    HAL_CAN_TxMailbox1AbortCallback          0x08000f95   Thumb Code     2  stm32f4xx_hal_can.o(i.HAL_CAN_TxMailbox1AbortCallback)
    HAL_CAN_TxMailbox1CompleteCallback       0x08000f97   Thumb Code     2  stm32f4xx_hal_can.o(i.HAL_CAN_TxMailbox1CompleteCallback)
    HAL_CAN_TxMailbox2AbortCallback          0x08000f99   Thumb Code     2  stm32f4xx_hal_can.o(i.HAL_CAN_TxMailbox2AbortCallback)
    HAL_CAN_TxMailbox2CompleteCallback       0x08000f9b   Thumb Code     2  stm32f4xx_hal_can.o(i.HAL_CAN_TxMailbox2CompleteCallback)
    HAL_CAN_WakeUpFromRxMsgCallback          0x08000f9d   Thumb Code     2  stm32f4xx_hal_can.o(i.HAL_CAN_WakeUpFromRxMsgCallback)
    HAL_DMA_Abort                            0x08000f9f   Thumb Code   146  stm32f4xx_hal_dma.o(i.HAL_DMA_Abort)
    HAL_DMA_Abort_IT                         0x08001031   Thumb Code    36  stm32f4xx_hal_dma.o(i.HAL_DMA_Abort_IT)
    HAL_DMA_IRQHandler                       0x08001055   Thumb Code   412  stm32f4xx_hal_dma.o(i.HAL_DMA_IRQHandler)
    HAL_DMA_Init                             0x080011f5   Thumb Code   206  stm32f4xx_hal_dma.o(i.HAL_DMA_Init)
    HAL_Delay                                0x080012c9   Thumb Code    32  stm32f4xx_hal.o(i.HAL_Delay)
    HAL_GPIO_EXTI_Callback                   0x080012ed   Thumb Code     2  stm32f4xx_hal_gpio.o(i.HAL_GPIO_EXTI_Callback)
    HAL_GPIO_EXTI_IRQHandler                 0x080012f1   Thumb Code    18  stm32f4xx_hal_gpio.o(i.HAL_GPIO_EXTI_IRQHandler)
    HAL_GPIO_Init                            0x08001309   Thumb Code   450  stm32f4xx_hal_gpio.o(i.HAL_GPIO_Init)
    HAL_GPIO_WritePin                        0x080014f9   Thumb Code    10  stm32f4xx_hal_gpio.o(i.HAL_GPIO_WritePin)
    HAL_GetTick                              0x08001505   Thumb Code     6  stm32f4xx_hal.o(i.HAL_GetTick)
    HAL_IncTick                              0x08001511   Thumb Code    12  stm32f4xx_hal.o(i.HAL_IncTick)
    HAL_Init                                 0x08001521   Thumb Code    48  stm32f4xx_hal.o(i.HAL_Init)
    HAL_InitTick                             0x08001555   Thumb Code    54  stm32f4xx_hal.o(i.HAL_InitTick)
    HAL_MspInit                              0x08001595   Thumb Code    42  stm32f4xx_hal_msp.o(i.HAL_MspInit)
    HAL_NVIC_EnableIRQ                       0x080015c5   Thumb Code    26  stm32f4xx_hal_cortex.o(i.HAL_NVIC_EnableIRQ)
    HAL_NVIC_SetPriority                     0x080015e1   Thumb Code    60  stm32f4xx_hal_cortex.o(i.HAL_NVIC_SetPriority)
    HAL_NVIC_SetPriorityGrouping             0x08001621   Thumb Code    26  stm32f4xx_hal_cortex.o(i.HAL_NVIC_SetPriorityGrouping)
    HAL_RCC_ClockConfig                      0x08001645   Thumb Code   288  stm32f4xx_hal_rcc.o(i.HAL_RCC_ClockConfig)
    HAL_RCC_GetPCLK1Freq                     0x08001779   Thumb Code    20  stm32f4xx_hal_rcc.o(i.HAL_RCC_GetPCLK1Freq)
    HAL_RCC_GetPCLK2Freq                     0x08001799   Thumb Code    20  stm32f4xx_hal_rcc.o(i.HAL_RCC_GetPCLK2Freq)
    HAL_RCC_GetSysClockFreq                  0x080017b9   Thumb Code    88  stm32f4xx_hal_rcc.o(i.HAL_RCC_GetSysClockFreq)
    HAL_RCC_OscConfig                        0x0800181d   Thumb Code   856  stm32f4xx_hal_rcc.o(i.HAL_RCC_OscConfig)
    HAL_SPI_Init                             0x08001b89   Thumb Code   188  stm32f4xx_hal_spi.o(i.HAL_SPI_Init)
    HAL_SPI_MspInit                          0x08001c45   Thumb Code   228  spi.o(i.HAL_SPI_MspInit)
    HAL_SPI_TransmitReceive                  0x08001d41   Thumb Code   494  stm32f4xx_hal_spi.o(i.HAL_SPI_TransmitReceive)
    HAL_SYSTICK_Config                       0x08001f2f   Thumb Code    40  stm32f4xx_hal_cortex.o(i.HAL_SYSTICK_Config)
    HAL_TIM_Base_Init                        0x08001f57   Thumb Code    90  stm32f4xx_hal_tim.o(i.HAL_TIM_Base_Init)
    HAL_TIM_Base_MspInit                     0x08001fb1   Thumb Code    30  tim.o(i.HAL_TIM_Base_MspInit)
    HAL_TIM_Base_Start                       0x08001fd9   Thumb Code    90  stm32f4xx_hal_tim.o(i.HAL_TIM_Base_Start)
    HAL_TIM_MspPostInit                      0x08002051   Thumb Code    84  tim.o(i.HAL_TIM_MspPostInit)
    HAL_TIM_PWM_ConfigChannel                0x080020b5   Thumb Code   204  stm32f4xx_hal_tim.o(i.HAL_TIM_PWM_ConfigChannel)
    HAL_TIM_PWM_Init                         0x08002181   Thumb Code    90  stm32f4xx_hal_tim.o(i.HAL_TIM_PWM_Init)
    HAL_TIM_PWM_MspInit                      0x080021db   Thumb Code     2  stm32f4xx_hal_tim.o(i.HAL_TIM_PWM_MspInit)
    HAL_TIM_PWM_Start                        0x080021dd   Thumb Code   172  stm32f4xx_hal_tim.o(i.HAL_TIM_PWM_Start)
    HAL_UARTEx_RxEventCallback               0x080022a5   Thumb Code     2  stm32f4xx_hal_uart.o(i.HAL_UARTEx_RxEventCallback)
    HAL_UART_ErrorCallback                   0x080022a7   Thumb Code     2  stm32f4xx_hal_uart.o(i.HAL_UART_ErrorCallback)
    HAL_UART_IRQHandler                      0x080022a9   Thumb Code   618  stm32f4xx_hal_uart.o(i.HAL_UART_IRQHandler)
    HAL_UART_Init                            0x08002519   Thumb Code   100  stm32f4xx_hal_uart.o(i.HAL_UART_Init)
    HAL_UART_MspInit                         0x0800257d   Thumb Code   402  usart.o(i.HAL_UART_MspInit)
    HAL_UART_RxCpltCallback                  0x0800273d   Thumb Code     2  stm32f4xx_hal_uart.o(i.HAL_UART_RxCpltCallback)
    HAL_UART_TxCpltCallback                  0x0800273f   Thumb Code     2  stm32f4xx_hal_uart.o(i.HAL_UART_TxCpltCallback)
    HardFault_Handler                        0x08002741   Thumb Code     2  stm32f4xx_it.o(i.HardFault_Handler)
    MX_CAN1_Init                             0x08002745   Thumb Code    60  can.o(i.MX_CAN1_Init)
    MX_CAN2_Init                             0x08002789   Thumb Code    60  can.o(i.MX_CAN2_Init)
    MX_DMA_Init                              0x080027cd   Thumb Code   104  dma.o(i.MX_DMA_Init)
    MX_GPIO_Init                             0x08002839   Thumb Code   290  gpio.o(i.MX_GPIO_Init)
    MX_SPI1_Init                             0x08002975   Thumb Code    64  spi.o(i.MX_SPI1_Init)
    MX_TIM10_Init                            0x080029bd   Thumb Code    92  tim.o(i.MX_TIM10_Init)
    MX_USART1_UART_Init                      0x08002a21   Thumb Code    48  usart.o(i.MX_USART1_UART_Init)
    MX_USART3_UART_Init                      0x08002a59   Thumb Code    50  usart.o(i.MX_USART3_UART_Init)
    MX_USART6_UART_Init                      0x08002a99   Thumb Code    48  usart.o(i.MX_USART6_UART_Init)
    MemManage_Handler                        0x08002ad1   Thumb Code     2  stm32f4xx_it.o(i.MemManage_Handler)
    NMI_Handler                              0x08002ad3   Thumb Code     2  stm32f4xx_it.o(i.NMI_Handler)
    PID_calc                                 0x08002ad5   Thumb Code   292  pid.o(i.PID_calc)
    PID_init                                 0x08002bfd   Thumb Code    88  pid.o(i.PID_init)
    PendSV_Handler                           0x08002c59   Thumb Code     2  stm32f4xx_it.o(i.PendSV_Handler)
    RC_init                                  0x08002c5d   Thumb Code    84  bsp_rc.o(i.RC_init)
    SVC_Handler                              0x08002de1   Thumb Code     2  stm32f4xx_it.o(i.SVC_Handler)
    SysTick_Handler                          0x08002de3   Thumb Code     4  stm32f4xx_it.o(i.SysTick_Handler)
    SystemClock_Config                       0x08002de9   Thumb Code   140  main.o(i.SystemClock_Config)
    SystemInit                               0x08002e7d   Thumb Code    12  system_stm32f4xx.o(i.SystemInit)
    TIM_Base_SetConfig                       0x08002e8d   Thumb Code   170  stm32f4xx_hal_tim.o(i.TIM_Base_SetConfig)
    TIM_CCxChannelCmd                        0x08002f65   Thumb Code    26  stm32f4xx_hal_tim.o(i.TIM_CCxChannelCmd)
    TIM_OC2_SetConfig                        0x08002fe1   Thumb Code    98  stm32f4xx_hal_tim.o(i.TIM_OC2_SetConfig)
    USART1_IRQHandler                        0x08003331   Thumb Code     6  stm32f4xx_it.o(i.USART1_IRQHandler)
    USART3_IRQHandler                        0x0800333d   Thumb Code   156  remote_control.o(i.USART3_IRQHandler)
    UsageFault_Handler                       0x080033f1   Thumb Code     2  stm32f4xx_it.o(i.UsageFault_Handler)
    abs_limit_fp                             0x08003413   Thumb Code    34  calc_lib.o(i.abs_limit_fp)
    bmi088_accel_init                        0x08003435   Thumb Code   266  bmi088driver.o(i.bmi088_accel_init)
    bmi088_gyro_init                         0x08003545   Thumb Code   214  bmi088driver.o(i.bmi088_gyro_init)
    can_filter_init                          0x08003621   Thumb Code    80  bsp_can.o(i.can_filter_init)
    chassis_init                             0x08003679   Thumb Code    82  chassis.o(i.chassis_init)
    get_chassis_motor_measure_point          0x080036dd   Thumb Code    16  can_receive.o(i.get_chassis_motor_measure_point)
    get_yaw_gimbal_motor_measure_point       0x080036f1   Thumb Code     4  can_receive.o(i.get_yaw_gimbal_motor_measure_point)
    gimbal_PID_calc                          0x080036f9   Thumb Code   138  motor_control.o(i.gimbal_PID_calc)
    gimbal_PID_init                          0x0800378d   Thumb Code    26  motor_control.o(i.gimbal_PID_init)
    imu_temp_control_init                    0x080037ad   Thumb Code    18  imu_temp_control_task.o(i.imu_temp_control_init)
    loop_fp32_constrain                      0x080037cd   Thumb Code    72  calc_lib.o(i.loop_fp32_constrain)
    main                                     0x08003815   Thumb Code    82  main.o(i.main)
    map                                      0x08003867   Thumb Code    20  remote_control.o(i.map)
    motor_ecd_to_angle_change                0x0800387d   Thumb Code    56  motor_control.o(i.motor_ecd_to_angle_change)
    remote_control_init                      0x080038bd   Thumb Code    12  remote_control.o(i.remote_control_init)
    __aeabi_d2iz                             0x08003ae1   Thumb Code     0  dfix.o(x$fpl$dfix)
    _dfix                                    0x08003ae1   Thumb Code    94  dfix.o(x$fpl$dfix)
    __aeabi_i2d                              0x08003b3f   Thumb Code     0  dflt_clz.o(x$fpl$dflt)
    _dflt                                    0x08003b3f   Thumb Code    46  dflt_clz.o(x$fpl$dflt)
    __aeabi_dmul                             0x08003b6d   Thumb Code     0  dmul.o(x$fpl$dmul)
    _dmul                                    0x08003b6d   Thumb Code   332  dmul.o(x$fpl$dmul)
    __fpl_dnaninf                            0x08003cc1   Thumb Code   156  dnaninf.o(x$fpl$dnaninf)
    __fpl_dretinf                            0x08003d5d   Thumb Code    12  dretinf.o(x$fpl$dretinf)
    _fp_init                                 0x08003d69   Thumb Code    10  fpinit.o(x$fpl$fpinit)
    __fplib_config_fpu_vfp                   0x08003d71   Thumb Code     0  fpinit.o(x$fpl$fpinit)
    __fplib_config_pureend_doubles           0x08003d71   Thumb Code     0  fpinit.o(x$fpl$fpinit)
    __I$use$fp                               0x08003d72   Number         0  usenofp.o(x$fpl$usenofp)
    AHBPrescTable                            0x08003d7a   Data          16  system_stm32f4xx.o(.constdata)
    APBPrescTable                            0x08003d8a   Data           8  system_stm32f4xx.o(.constdata)
    imu_temp_PID                             0x08003d94   Data          12  imu_temp_control_task.o(.constdata)
    PID_CHASSI                               0x08003da0   Data          12  chassis.o(.constdata)
    speed_PID                                0x08003dac   Data          12  motor_control.o(.constdata)
    angle_PID                                0x08003db8   Data          12  motor_control.o(.constdata)
    PID                                      0x08003dc4   Data          12  motor_control.o(.constdata)
    GM6020_PID                               0x08003dd0   Data          12  motor_control.o(.constdata)
    Region$$Table$$Base                      0x08003ddc   Number         0  anon$$obj.o(Region$$Table)
    Region$$Table$$Limit                     0x08003dfc   Number         0  anon$$obj.o(Region$$Table)
    uwTickFreq                               0x20000004   Data           1  stm32f4xx_hal.o(.data)
    uwTickPrio                               0x20000008   Data           4  stm32f4xx_hal.o(.data)
    uwTick                                   0x2000000c   Data           4  stm32f4xx_hal.o(.data)
    SystemCoreClock                          0x20000010   Data           4  system_stm32f4xx.o(.data)
    remote_ready                             0x20000026   Data           1  remote_control.o(.data)
    GM6020_data                              0x2000002c   Data           4  motor_control.o(.data)
    BMI088_ACCEL_SEN                         0x20000030   Data           4  bmi088driver.o(.data)
    BMI088_GYRO_SEN                          0x20000034   Data           4  bmi088driver.o(.data)
    hcan1                                    0x2000005c   Data          40  can.o(.bss)
    hcan2                                    0x20000084   Data          40  can.o(.bss)
    hspi1                                    0x200000ac   Data          88  spi.o(.bss)
    hdma_spi1_rx                             0x20000104   Data          96  spi.o(.bss)
    hdma_spi1_tx                             0x20000164   Data          96  spi.o(.bss)
    htim10                                   0x200001c4   Data          72  tim.o(.bss)
    huart1                                   0x2000020c   Data          72  usart.o(.bss)
    huart3                                   0x20000254   Data          72  usart.o(.bss)
    huart6                                   0x2000029c   Data          72  usart.o(.bss)
    hdma_usart1_rx                           0x200002e4   Data          96  usart.o(.bss)
    hdma_usart3_rx                           0x20000344   Data          96  usart.o(.bss)
    gyro                                     0x20000474   Data          12  imu_temp_control_task.o(.bss)
    accel                                    0x20000480   Data          12  imu_temp_control_task.o(.bss)
    imu_temp_pid                             0x2000048c   Data          72  imu_temp_control_task.o(.bss)
    temp_data                                0x200004d4   Data          16  imu_temp_control_task.o(.bss)
    rc_ctrl                                  0x200004e4   Data          24  remote_control.o(.bss)
    motor_pid_a                              0x20000530   Data         288  chassis.o(.bss)
    motor_data_a                             0x20000650   Data          16  chassis.o(.bss)
    motor_data                               0x20000660   Data          16  motor_control.o(.bss)
    motor_pid                                0x20000670   Data         288  motor_control.o(.bss)
    angle_pid                                0x20000790   Data         288  motor_control.o(.bss)
    GM6020_pos_loop_control                  0x200008b0   Data         144  motor_control.o(.bss)
    __libspace_start                         0x20000940   Data          96  libspace.o(.bss)
    __temporary_stack_top$libspace           0x200009a0   Data           0  libspace.o(.bss)



==============================================================================

Memory Map of the image

  Image Entry point : 0x08000189

  Load Region LR_IROM1 (Base: 0x08000000, Size: 0x00003e58, Max: 0x00100000, ABSOLUTE)

    Execution Region ER_IROM1 (Exec base: 0x08000000, Load base: 0x08000000, Size: 0x00003dfc, Max: 0x00100000, ABSOLUTE)

    Exec Addr    Load Addr    Size         Type   Attr      Idx    E Section Name        Object

    0x08000000   0x08000000   0x00000188   Data   RO            3    RESET               startup_stm32f407xx.o
    0x08000188   0x08000188   0x00000008   Code   RO         4416  * !!!main             c_w.l(__main.o)
    0x08000190   0x08000190   0x00000034   Code   RO         4600    !!!scatter          c_w.l(__scatter.o)
    0x080001c4   0x080001c4   0x0000001a   Code   RO         4602    !!handler_copy      c_w.l(__scatter_copy.o)
    0x080001de   0x080001de   0x00000002   PAD
    0x080001e0   0x080001e0   0x0000001c   Code   RO         4604    !!handler_zi        c_w.l(__scatter_zi.o)
    0x080001fc   0x080001fc   0x00000002   Code   RO         4470    .ARM.Collect$$libinit$$00000000  c_w.l(libinit.o)
    0x080001fe   0x080001fe   0x00000004   Code   RO         4482    .ARM.Collect$$libinit$$00000001  c_w.l(libinit2.o)
    0x08000202   0x08000202   0x00000000   Code   RO         4485    .ARM.Collect$$libinit$$00000004  c_w.l(libinit2.o)
    0x08000202   0x08000202   0x00000000   Code   RO         4488    .ARM.Collect$$libinit$$0000000A  c_w.l(libinit2.o)
    0x08000202   0x08000202   0x00000000   Code   RO         4490    .ARM.Collect$$libinit$$0000000C  c_w.l(libinit2.o)
    0x08000202   0x08000202   0x00000000   Code   RO         4492    .ARM.Collect$$libinit$$0000000E  c_w.l(libinit2.o)
    0x08000202   0x08000202   0x00000000   Code   RO         4495    .ARM.Collect$$libinit$$00000011  c_w.l(libinit2.o)
    0x08000202   0x08000202   0x00000000   Code   RO         4497    .ARM.Collect$$libinit$$00000013  c_w.l(libinit2.o)
    0x08000202   0x08000202   0x00000000   Code   RO         4499    .ARM.Collect$$libinit$$00000015  c_w.l(libinit2.o)
    0x08000202   0x08000202   0x00000000   Code   RO         4501    .ARM.Collect$$libinit$$00000017  c_w.l(libinit2.o)
    0x08000202   0x08000202   0x00000000   Code   RO         4503    .ARM.Collect$$libinit$$00000019  c_w.l(libinit2.o)
    0x08000202   0x08000202   0x00000000   Code   RO         4505    .ARM.Collect$$libinit$$0000001B  c_w.l(libinit2.o)
    0x08000202   0x08000202   0x00000000   Code   RO         4507    .ARM.Collect$$libinit$$0000001D  c_w.l(libinit2.o)
    0x08000202   0x08000202   0x00000000   Code   RO         4509    .ARM.Collect$$libinit$$0000001F  c_w.l(libinit2.o)
    0x08000202   0x08000202   0x00000000   Code   RO         4511    .ARM.Collect$$libinit$$00000021  c_w.l(libinit2.o)
    0x08000202   0x08000202   0x00000000   Code   RO         4513    .ARM.Collect$$libinit$$00000023  c_w.l(libinit2.o)
    0x08000202   0x08000202   0x00000000   Code   RO         4515    .ARM.Collect$$libinit$$00000025  c_w.l(libinit2.o)
    0x08000202   0x08000202   0x00000000   Code   RO         4519    .ARM.Collect$$libinit$$0000002C  c_w.l(libinit2.o)
    0x08000202   0x08000202   0x00000000   Code   RO         4521    .ARM.Collect$$libinit$$0000002E  c_w.l(libinit2.o)
    0x08000202   0x08000202   0x00000000   Code   RO         4523    .ARM.Collect$$libinit$$00000030  c_w.l(libinit2.o)
    0x08000202   0x08000202   0x00000000   Code   RO         4525    .ARM.Collect$$libinit$$00000032  c_w.l(libinit2.o)
    0x08000202   0x08000202   0x00000002   Code   RO         4526    .ARM.Collect$$libinit$$00000033  c_w.l(libinit2.o)
    0x08000204   0x08000204   0x00000002   Code   RO         4557    .ARM.Collect$$libshutdown$$00000000  c_w.l(libshutdown.o)
    0x08000206   0x08000206   0x00000000   Code   RO         4583    .ARM.Collect$$libshutdown$$00000002  c_w.l(libshutdown2.o)
    0x08000206   0x08000206   0x00000000   Code   RO         4585    .ARM.Collect$$libshutdown$$00000004  c_w.l(libshutdown2.o)
    0x08000206   0x08000206   0x00000000   Code   RO         4588    .ARM.Collect$$libshutdown$$00000007  c_w.l(libshutdown2.o)
    0x08000206   0x08000206   0x00000000   Code   RO         4591    .ARM.Collect$$libshutdown$$0000000A  c_w.l(libshutdown2.o)
    0x08000206   0x08000206   0x00000000   Code   RO         4593    .ARM.Collect$$libshutdown$$0000000C  c_w.l(libshutdown2.o)
    0x08000206   0x08000206   0x00000000   Code   RO         4596    .ARM.Collect$$libshutdown$$0000000F  c_w.l(libshutdown2.o)
    0x08000206   0x08000206   0x00000002   Code   RO         4597    .ARM.Collect$$libshutdown$$00000010  c_w.l(libshutdown2.o)
    0x08000208   0x08000208   0x00000000   Code   RO         4430    .ARM.Collect$$rtentry$$00000000  c_w.l(__rtentry.o)
    0x08000208   0x08000208   0x00000000   Code   RO         4441    .ARM.Collect$$rtentry$$00000002  c_w.l(__rtentry2.o)
    0x08000208   0x08000208   0x00000006   Code   RO         4453    .ARM.Collect$$rtentry$$00000004  c_w.l(__rtentry4.o)
    0x0800020e   0x0800020e   0x00000000   Code   RO         4443    .ARM.Collect$$rtentry$$00000009  c_w.l(__rtentry2.o)
    0x0800020e   0x0800020e   0x00000004   Code   RO         4444    .ARM.Collect$$rtentry$$0000000A  c_w.l(__rtentry2.o)
    0x08000212   0x08000212   0x00000000   Code   RO         4446    .ARM.Collect$$rtentry$$0000000C  c_w.l(__rtentry2.o)
    0x08000212   0x08000212   0x00000008   Code   RO         4447    .ARM.Collect$$rtentry$$0000000D  c_w.l(__rtentry2.o)
    0x0800021a   0x0800021a   0x00000002   Code   RO         4474    .ARM.Collect$$rtexit$$00000000  c_w.l(rtexit.o)
    0x0800021c   0x0800021c   0x00000000   Code   RO         4530    .ARM.Collect$$rtexit$$00000002  c_w.l(rtexit2.o)
    0x0800021c   0x0800021c   0x00000004   Code   RO         4531    .ARM.Collect$$rtexit$$00000003  c_w.l(rtexit2.o)
    0x08000220   0x08000220   0x00000006   Code   RO         4532    .ARM.Collect$$rtexit$$00000004  c_w.l(rtexit2.o)
    0x08000226   0x08000226   0x00000002   PAD
    0x08000228   0x08000228   0x00000040   Code   RO            4    .text               startup_stm32f407xx.o
    0x08000268   0x08000268   0x000000ee   Code   RO         4410    .text               c_w.l(lludivv7m.o)
    0x08000356   0x08000356   0x0000004e   Code   RO         4412    .text               c_w.l(rt_memclr_w.o)
    0x080003a4   0x080003a4   0x00000006   Code   RO         4414    .text               c_w.l(heapauxi.o)
    0x080003aa   0x080003aa   0x0000004a   Code   RO         4457    .text               c_w.l(sys_stackheap_outer.o)
    0x080003f4   0x080003f4   0x00000012   Code   RO         4459    .text               c_w.l(exit.o)
    0x08000406   0x08000406   0x00000002   PAD
    0x08000408   0x08000408   0x00000008   Code   RO         4471    .text               c_w.l(libspace.o)
    0x08000410   0x08000410   0x0000000c   Code   RO         4527    .text               c_w.l(sys_exit.o)
    0x0800041c   0x0800041c   0x00000002   Code   RO         4546    .text               c_w.l(use_no_semi.o)
    0x0800041e   0x0800041e   0x00000000   Code   RO         4548    .text               c_w.l(indicate_semi.o)
    0x0800041e   0x0800041e   0x00000002   PAD
    0x08000420   0x08000420   0x00000010   Code   RO         4310    i.BMI088_ACCEL_NS_H  bmi088middleware.o
    0x08000430   0x08000430   0x00000010   Code   RO         4311    i.BMI088_ACCEL_NS_L  bmi088middleware.o
    0x08000440   0x08000440   0x00000002   Code   RO         4312    i.BMI088_GPIO_init  bmi088middleware.o
    0x08000442   0x08000442   0x00000002   PAD
    0x08000444   0x08000444   0x00000010   Code   RO         4313    i.BMI088_GYRO_NS_H  bmi088middleware.o
    0x08000454   0x08000454   0x00000010   Code   RO         4314    i.BMI088_GYRO_NS_L  bmi088middleware.o
    0x08000464   0x08000464   0x00000002   Code   RO         4315    i.BMI088_com_init   bmi088middleware.o
    0x08000466   0x08000466   0x00000018   Code   RO         4316    i.BMI088_delay_ms   bmi088middleware.o
    0x0800047e   0x0800047e   0x0000002e   Code   RO         4317    i.BMI088_delay_us   bmi088middleware.o
    0x080004ac   0x080004ac   0x00000018   Code   RO         4172    i.BMI088_init       bmi088driver.o
    0x080004c4   0x080004c4   0x00000016   Code   RO         4175    i.BMI088_read_single_reg  bmi088driver.o
    0x080004da   0x080004da   0x00000002   PAD
    0x080004dc   0x080004dc   0x00000020   Code   RO         4318    i.BMI088_read_write_byte  bmi088middleware.o
    0x080004fc   0x080004fc   0x00000012   Code   RO         4176    i.BMI088_write_single_reg  bmi088driver.o
    0x0800050e   0x0800050e   0x00000002   Code   RO          450    i.BusFault_Handler  stm32f4xx_it.o
    0x08000510   0x08000510   0x0000000c   Code   RO          451    i.CAN1_RX0_IRQHandler  stm32f4xx_it.o
    0x0800051c   0x0800051c   0x0000000c   Code   RO          452    i.CAN2_RX0_IRQHandler  stm32f4xx_it.o
    0x08000528   0x08000528   0x00000048   Code   RO         3799    i.CAN_cmd_gimbal    can_receive.o
    0x08000570   0x08000570   0x0000000c   Code   RO          453    i.DMA1_Stream1_IRQHandler  stm32f4xx_it.o
    0x0800057c   0x0800057c   0x0000000c   Code   RO          454    i.DMA2_Stream0_IRQHandler  stm32f4xx_it.o
    0x08000588   0x08000588   0x0000000c   Code   RO          455    i.DMA2_Stream2_IRQHandler  stm32f4xx_it.o
    0x08000594   0x08000594   0x0000000c   Code   RO          456    i.DMA2_Stream3_IRQHandler  stm32f4xx_it.o
    0x080005a0   0x080005a0   0x00000028   Code   RO         1291    i.DMA_CalcBaseAndBitshift  stm32f4xx_hal_dma.o
    0x080005c8   0x080005c8   0x00000054   Code   RO         1292    i.DMA_CheckFifoParam  stm32f4xx_hal_dma.o
    0x0800061c   0x0800061c   0x00000002   Code   RO          457    i.DebugMon_Handler  stm32f4xx_it.o
    0x0800061e   0x0800061e   0x00000006   Code   RO          458    i.EXTI4_IRQHandler  stm32f4xx_it.o
    0x08000624   0x08000624   0x00000004   Code   RO           13    i.Error_Handler     main.o
    0x08000628   0x08000628   0x00000098   Code   RO         4108    i.GM6020_pos_loop   motor_control.o
    0x080006c0   0x080006c0   0x00000054   Code   RO         4109    i.GM6020_position_loop_init  motor_control.o
    0x08000714   0x08000714   0x00000024   Code   RO          599    i.HAL_CAN_ActivateNotification  stm32f4xx_hal_can.o
    0x08000738   0x08000738   0x000000bc   Code   RO          600    i.HAL_CAN_AddTxMessage  stm32f4xx_hal_can.o
    0x080007f4   0x080007f4   0x0000010c   Code   RO          601    i.HAL_CAN_ConfigFilter  stm32f4xx_hal_can.o
    0x08000900   0x08000900   0x00000002   Code   RO          604    i.HAL_CAN_ErrorCallback  stm32f4xx_hal_can.o
    0x08000902   0x08000902   0x000000f4   Code   RO          607    i.HAL_CAN_GetRxMessage  stm32f4xx_hal_can.o
    0x080009f6   0x080009f6   0x000001fc   Code   RO          611    i.HAL_CAN_IRQHandler  stm32f4xx_hal_can.o
    0x08000bf2   0x08000bf2   0x0000011a   Code   RO          612    i.HAL_CAN_Init      stm32f4xx_hal_can.o
    0x08000d0c   0x08000d0c   0x000000fc   Code   RO          234    i.HAL_CAN_MspInit   can.o
    0x08000e08   0x08000e08   0x00000002   Code   RO          619    i.HAL_CAN_RxFifo0FullCallback  stm32f4xx_hal_can.o
    0x08000e0a   0x08000e0a   0x00000002   PAD
    0x08000e0c   0x08000e0c   0x00000124   Code   RO         3800    i.HAL_CAN_RxFifo0MsgPendingCallback  can_receive.o
    0x08000f30   0x08000f30   0x00000002   Code   RO          621    i.HAL_CAN_RxFifo1FullCallback  stm32f4xx_hal_can.o
    0x08000f32   0x08000f32   0x00000002   Code   RO          622    i.HAL_CAN_RxFifo1MsgPendingCallback  stm32f4xx_hal_can.o
    0x08000f34   0x08000f34   0x00000002   Code   RO          623    i.HAL_CAN_SleepCallback  stm32f4xx_hal_can.o
    0x08000f36   0x08000f36   0x00000002   PAD
    0x08000f38   0x08000f38   0x00000058   Code   RO          624    i.HAL_CAN_Start     stm32f4xx_hal_can.o
    0x08000f90   0x08000f90   0x00000002   Code   RO          626    i.HAL_CAN_TxMailbox0AbortCallback  stm32f4xx_hal_can.o
    0x08000f92   0x08000f92   0x00000002   Code   RO          627    i.HAL_CAN_TxMailbox0CompleteCallback  stm32f4xx_hal_can.o
    0x08000f94   0x08000f94   0x00000002   Code   RO          628    i.HAL_CAN_TxMailbox1AbortCallback  stm32f4xx_hal_can.o
    0x08000f96   0x08000f96   0x00000002   Code   RO          629    i.HAL_CAN_TxMailbox1CompleteCallback  stm32f4xx_hal_can.o
    0x08000f98   0x08000f98   0x00000002   Code   RO          630    i.HAL_CAN_TxMailbox2AbortCallback  stm32f4xx_hal_can.o
    0x08000f9a   0x08000f9a   0x00000002   Code   RO          631    i.HAL_CAN_TxMailbox2CompleteCallback  stm32f4xx_hal_can.o
    0x08000f9c   0x08000f9c   0x00000002   Code   RO          633    i.HAL_CAN_WakeUpFromRxMsgCallback  stm32f4xx_hal_can.o
    0x08000f9e   0x08000f9e   0x00000092   Code   RO         1294    i.HAL_DMA_Abort     stm32f4xx_hal_dma.o
    0x08001030   0x08001030   0x00000024   Code   RO         1295    i.HAL_DMA_Abort_IT  stm32f4xx_hal_dma.o
    0x08001054   0x08001054   0x000001a0   Code   RO         1299    i.HAL_DMA_IRQHandler  stm32f4xx_hal_dma.o
    0x080011f4   0x080011f4   0x000000d4   Code   RO         1300    i.HAL_DMA_Init      stm32f4xx_hal_dma.o
    0x080012c8   0x080012c8   0x00000024   Code   RO         1719    i.HAL_Delay         stm32f4xx_hal.o
    0x080012ec   0x080012ec   0x00000002   Code   RO         1185    i.HAL_GPIO_EXTI_Callback  stm32f4xx_hal_gpio.o
    0x080012ee   0x080012ee   0x00000002   PAD
    0x080012f0   0x080012f0   0x00000018   Code   RO         1186    i.HAL_GPIO_EXTI_IRQHandler  stm32f4xx_hal_gpio.o
    0x08001308   0x08001308   0x000001f0   Code   RO         1187    i.HAL_GPIO_Init     stm32f4xx_hal_gpio.o
    0x080014f8   0x080014f8   0x0000000a   Code   RO         1191    i.HAL_GPIO_WritePin  stm32f4xx_hal_gpio.o
    0x08001502   0x08001502   0x00000002   PAD
    0x08001504   0x08001504   0x0000000c   Code   RO         1725    i.HAL_GetTick       stm32f4xx_hal.o
    0x08001510   0x08001510   0x00000010   Code   RO         1731    i.HAL_IncTick       stm32f4xx_hal.o
    0x08001520   0x08001520   0x00000034   Code   RO         1732    i.HAL_Init          stm32f4xx_hal.o
    0x08001554   0x08001554   0x00000040   Code   RO         1733    i.HAL_InitTick      stm32f4xx_hal.o
    0x08001594   0x08001594   0x00000030   Code   RO          574    i.HAL_MspInit       stm32f4xx_hal_msp.o
    0x080015c4   0x080015c4   0x0000001a   Code   RO         1577    i.HAL_NVIC_EnableIRQ  stm32f4xx_hal_cortex.o
    0x080015de   0x080015de   0x00000002   PAD
    0x080015e0   0x080015e0   0x00000040   Code   RO         1583    i.HAL_NVIC_SetPriority  stm32f4xx_hal_cortex.o
    0x08001620   0x08001620   0x00000024   Code   RO         1584    i.HAL_NVIC_SetPriorityGrouping  stm32f4xx_hal_cortex.o
    0x08001644   0x08001644   0x00000134   Code   RO          833    i.HAL_RCC_ClockConfig  stm32f4xx_hal_rcc.o
    0x08001778   0x08001778   0x00000020   Code   RO          840    i.HAL_RCC_GetPCLK1Freq  stm32f4xx_hal_rcc.o
    0x08001798   0x08001798   0x00000020   Code   RO          841    i.HAL_RCC_GetPCLK2Freq  stm32f4xx_hal_rcc.o
    0x080017b8   0x080017b8   0x00000064   Code   RO          842    i.HAL_RCC_GetSysClockFreq  stm32f4xx_hal_rcc.o
    0x0800181c   0x0800181c   0x0000036c   Code   RO          845    i.HAL_RCC_OscConfig  stm32f4xx_hal_rcc.o
    0x08001b88   0x08001b88   0x000000bc   Code   RO         1981    i.HAL_SPI_Init      stm32f4xx_hal_spi.o
    0x08001c44   0x08001c44   0x000000fc   Code   RO          307    i.HAL_SPI_MspInit   spi.o
    0x08001d40   0x08001d40   0x000001ee   Code   RO         1990    i.HAL_SPI_TransmitReceive  stm32f4xx_hal_spi.o
    0x08001f2e   0x08001f2e   0x00000028   Code   RO         1588    i.HAL_SYSTICK_Config  stm32f4xx_hal_cortex.o
    0x08001f56   0x08001f56   0x0000005a   Code   RO         2294    i.HAL_TIM_Base_Init  stm32f4xx_hal_tim.o
    0x08001fb0   0x08001fb0   0x00000028   Code   RO          349    i.HAL_TIM_Base_MspInit  tim.o
    0x08001fd8   0x08001fd8   0x00000078   Code   RO         2297    i.HAL_TIM_Base_Start  stm32f4xx_hal_tim.o
    0x08002050   0x08002050   0x00000064   Code   RO          350    i.HAL_TIM_MspPostInit  tim.o
    0x080020b4   0x080020b4   0x000000cc   Code   RO         2366    i.HAL_TIM_PWM_ConfigChannel  stm32f4xx_hal_tim.o
    0x08002180   0x08002180   0x0000005a   Code   RO         2369    i.HAL_TIM_PWM_Init  stm32f4xx_hal_tim.o
    0x080021da   0x080021da   0x00000002   Code   RO         2371    i.HAL_TIM_PWM_MspInit  stm32f4xx_hal_tim.o
    0x080021dc   0x080021dc   0x000000c8   Code   RO         2374    i.HAL_TIM_PWM_Start  stm32f4xx_hal_tim.o
    0x080022a4   0x080022a4   0x00000002   Code   RO         3277    i.HAL_UARTEx_RxEventCallback  stm32f4xx_hal_uart.o
    0x080022a6   0x080022a6   0x00000002   Code   RO         3291    i.HAL_UART_ErrorCallback  stm32f4xx_hal_uart.o
    0x080022a8   0x080022a8   0x00000270   Code   RO         3294    i.HAL_UART_IRQHandler  stm32f4xx_hal_uart.o
    0x08002518   0x08002518   0x00000064   Code   RO         3295    i.HAL_UART_Init     stm32f4xx_hal_uart.o
    0x0800257c   0x0800257c   0x000001c0   Code   RO          397    i.HAL_UART_MspInit  usart.o
    0x0800273c   0x0800273c   0x00000002   Code   RO         3301    i.HAL_UART_RxCpltCallback  stm32f4xx_hal_uart.o
    0x0800273e   0x0800273e   0x00000002   Code   RO         3306    i.HAL_UART_TxCpltCallback  stm32f4xx_hal_uart.o
    0x08002740   0x08002740   0x00000002   Code   RO          459    i.HardFault_Handler  stm32f4xx_it.o
    0x08002742   0x08002742   0x00000002   PAD
    0x08002744   0x08002744   0x00000044   Code   RO          235    i.MX_CAN1_Init      can.o
    0x08002788   0x08002788   0x00000044   Code   RO          236    i.MX_CAN2_Init      can.o
    0x080027cc   0x080027cc   0x0000006c   Code   RO          282    i.MX_DMA_Init       dma.o
    0x08002838   0x08002838   0x0000013c   Code   RO          209    i.MX_GPIO_Init      gpio.o
    0x08002974   0x08002974   0x00000048   Code   RO          308    i.MX_SPI1_Init      spi.o
    0x080029bc   0x080029bc   0x00000064   Code   RO          351    i.MX_TIM10_Init     tim.o
    0x08002a20   0x08002a20   0x00000038   Code   RO          398    i.MX_USART1_UART_Init  usart.o
    0x08002a58   0x08002a58   0x00000040   Code   RO          399    i.MX_USART3_UART_Init  usart.o
    0x08002a98   0x08002a98   0x00000038   Code   RO          400    i.MX_USART6_UART_Init  usart.o
    0x08002ad0   0x08002ad0   0x00000002   Code   RO          460    i.MemManage_Handler  stm32f4xx_it.o
    0x08002ad2   0x08002ad2   0x00000002   Code   RO          461    i.NMI_Handler       stm32f4xx_it.o
    0x08002ad4   0x08002ad4   0x00000128   Code   RO         3941    i.PID_calc          pid.o
    0x08002bfc   0x08002bfc   0x0000005c   Code   RO         3943    i.PID_init          pid.o
    0x08002c58   0x08002c58   0x00000002   Code   RO          462    i.PendSV_Handler    stm32f4xx_it.o
    0x08002c5a   0x08002c5a   0x00000002   PAD
    0x08002c5c   0x08002c5c   0x00000060   Code   RO         3666    i.RC_init           bsp_rc.o
    0x08002cbc   0x08002cbc   0x0000006c   Code   RO         2019    i.SPI_EndRxTxTransaction  stm32f4xx_hal_spi.o
    0x08002d28   0x08002d28   0x000000b8   Code   RO         2024    i.SPI_WaitFlagStateUntilTimeout  stm32f4xx_hal_spi.o
    0x08002de0   0x08002de0   0x00000002   Code   RO          463    i.SVC_Handler       stm32f4xx_it.o
    0x08002de2   0x08002de2   0x00000004   Code   RO          464    i.SysTick_Handler   stm32f4xx_it.o
    0x08002de6   0x08002de6   0x00000002   PAD
    0x08002de8   0x08002de8   0x00000094   Code   RO           14    i.SystemClock_Config  main.o
    0x08002e7c   0x08002e7c   0x00000010   Code   RO         3629    i.SystemInit        system_stm32f4xx.o
    0x08002e8c   0x08002e8c   0x000000d8   Code   RO         2387    i.TIM_Base_SetConfig  stm32f4xx_hal_tim.o
    0x08002f64   0x08002f64   0x0000001a   Code   RO         2388    i.TIM_CCxChannelCmd  stm32f4xx_hal_tim.o
    0x08002f7e   0x08002f7e   0x00000002   PAD
    0x08002f80   0x08002f80   0x00000060   Code   RO         2400    i.TIM_OC1_SetConfig  stm32f4xx_hal_tim.o
    0x08002fe0   0x08002fe0   0x0000006c   Code   RO         2401    i.TIM_OC2_SetConfig  stm32f4xx_hal_tim.o
    0x0800304c   0x0800304c   0x00000068   Code   RO         2402    i.TIM_OC3_SetConfig  stm32f4xx_hal_tim.o
    0x080030b4   0x080030b4   0x00000050   Code   RO         2403    i.TIM_OC4_SetConfig  stm32f4xx_hal_tim.o
    0x08003104   0x08003104   0x00000010   Code   RO         3308    i.UART_DMAAbortOnError  stm32f4xx_hal_uart.o
    0x08003114   0x08003114   0x0000004e   Code   RO         3318    i.UART_EndRxTransfer  stm32f4xx_hal_uart.o
    0x08003162   0x08003162   0x000000c2   Code   RO         3320    i.UART_Receive_IT   stm32f4xx_hal_uart.o
    0x08003224   0x08003224   0x0000010c   Code   RO         3321    i.UART_SetConfig    stm32f4xx_hal_uart.o
    0x08003330   0x08003330   0x0000000c   Code   RO          465    i.USART1_IRQHandler  stm32f4xx_it.o
    0x0800333c   0x0800333c   0x000000b4   Code   RO         3977    i.USART3_IRQHandler  remote_control.o
    0x080033f0   0x080033f0   0x00000002   Code   RO          466    i.UsageFault_Handler  stm32f4xx_it.o
    0x080033f2   0x080033f2   0x00000020   Code   RO         1590    i.__NVIC_SetPriority  stm32f4xx_hal_cortex.o
    0x08003412   0x08003412   0x00000022   Code   RO         3760    i.abs_limit_fp      calc_lib.o
    0x08003434   0x08003434   0x00000110   Code   RO         4177    i.bmi088_accel_init  bmi088driver.o
    0x08003544   0x08003544   0x000000dc   Code   RO         4178    i.bmi088_gyro_init  bmi088driver.o
    0x08003620   0x08003620   0x00000058   Code   RO         4383    i.can_filter_init   bsp_can.o
    0x08003678   0x08003678   0x00000064   Code   RO         4059    i.chassis_init      chassis.o
    0x080036dc   0x080036dc   0x00000014   Code   RO         3802    i.get_chassis_motor_measure_point  can_receive.o
    0x080036f0   0x080036f0   0x00000008   Code   RO         3805    i.get_yaw_gimbal_motor_measure_point  can_receive.o
    0x080036f8   0x080036f8   0x00000094   Code   RO         4113    i.gimbal_PID_calc   motor_control.o
    0x0800378c   0x0800378c   0x00000020   Code   RO         4114    i.gimbal_PID_init   motor_control.o
    0x080037ac   0x080037ac   0x00000020   Code   RO         3892    i.imu_temp_control_init  imu_temp_control_task.o
    0x080037cc   0x080037cc   0x00000048   Code   RO         3761    i.loop_fp32_constrain  calc_lib.o
    0x08003814   0x08003814   0x00000052   Code   RO           15    i.main              main.o
    0x08003866   0x08003866   0x00000014   Code   RO         3978    i.map               remote_control.o
    0x0800387a   0x0800387a   0x00000002   PAD
    0x0800387c   0x0800387c   0x00000040   Code   RO         4115    i.motor_ecd_to_angle_change  motor_control.o
    0x080038bc   0x080038bc   0x00000010   Code   RO         3979    i.remote_control_init  remote_control.o
    0x080038cc   0x080038cc   0x00000214   Code   RO         3980    i.sbus_to_rc        remote_control.o
    0x08003ae0   0x08003ae0   0x0000005e   Code   RO         4418    x$fpl$dfix          fz_wm.l(dfix.o)
    0x08003b3e   0x08003b3e   0x0000002e   Code   RO         4423    x$fpl$dflt          fz_wm.l(dflt_clz.o)
    0x08003b6c   0x08003b6c   0x00000154   Code   RO         4428    x$fpl$dmul          fz_wm.l(dmul.o)
    0x08003cc0   0x08003cc0   0x0000009c   Code   RO         4435    x$fpl$dnaninf       fz_wm.l(dnaninf.o)
    0x08003d5c   0x08003d5c   0x0000000c   Code   RO         4437    x$fpl$dretinf       fz_wm.l(dretinf.o)
    0x08003d68   0x08003d68   0x0000000a   Code   RO         4542    x$fpl$fpinit        fz_wm.l(fpinit.o)
    0x08003d72   0x08003d72   0x00000000   Code   RO         4439    x$fpl$usenofp       fz_wm.l(usenofp.o)
    0x08003d72   0x08003d72   0x00000008   Data   RO         1306    .constdata          stm32f4xx_hal_dma.o
    0x08003d7a   0x08003d7a   0x00000010   Data   RO         3630    .constdata          system_stm32f4xx.o
    0x08003d8a   0x08003d8a   0x00000008   Data   RO         3631    .constdata          system_stm32f4xx.o
    0x08003d92   0x08003d92   0x00000002   PAD
    0x08003d94   0x08003d94   0x0000000c   Data   RO         3895    .constdata          imu_temp_control_task.o
    0x08003da0   0x08003da0   0x0000000c   Data   RO         4065    .constdata          chassis.o
    0x08003dac   0x08003dac   0x00000030   Data   RO         4119    .constdata          motor_control.o
    0x08003ddc   0x08003ddc   0x00000020   Data   RO         4598    Region$$Table       anon$$obj.o


    Execution Region RW_IRAM1 (Exec base: 0x20000000, Load base: 0x08003dfc, Size: 0x00000fa0, Max: 0x0001c000, ABSOLUTE)

    Exec Addr    Load Addr    Size         Type   Attr      Idx    E Section Name        Object

    0x20000000   0x08003dfc   0x00000004   Data   RW          238    .data               can.o
    0x20000004   0x08003e00   0x0000000c   Data   RW         1739    .data               stm32f4xx_hal.o
    0x20000010   0x08003e0c   0x00000004   Data   RW         3632    .data               system_stm32f4xx.o
    0x20000014   0x08003e10   0x00000011   Data   RW         3808    .data               can_receive.o
    0x20000025   0x08003e21   0x00000001   PAD
    0x20000026   0x08003e22   0x00000004   Data   RW         3982    .data               remote_control.o
    0x2000002a   0x08003e26   0x00000002   PAD
    0x2000002c   0x08003e28   0x00000004   Data   RW         4120    .data               motor_control.o
    0x20000030   0x08003e2c   0x0000002c   Data   RW         4179    .data               bmi088driver.o
    0x2000005c        -       0x00000050   Zero   RW          237    .bss                can.o
    0x200000ac        -       0x00000118   Zero   RW          309    .bss                spi.o
    0x200001c4        -       0x00000048   Zero   RW          352    .bss                tim.o
    0x2000020c        -       0x00000198   Zero   RW          401    .bss                usart.o
    0x200003a4        -       0x000000d0   Zero   RW         3807    .bss                can_receive.o
    0x20000474        -       0x00000070   Zero   RW         3894    .bss                imu_temp_control_task.o
    0x200004e4        -       0x0000004a   Zero   RW         3981    .bss                remote_control.o
    0x2000052e   0x08003e58   0x00000002   PAD
    0x20000530        -       0x00000130   Zero   RW         4060    .bss                chassis.o
    0x20000660        -       0x000002e0   Zero   RW         4116    .bss                motor_control.o
    0x20000940        -       0x00000060   Zero   RW         4472    .bss                c_w.l(libspace.o)
    0x200009a0        -       0x00000200   Zero   RW            2    HEAP                startup_stm32f407xx.o
    0x20000ba0        -       0x00000400   Zero   RW            1    STACK               startup_stm32f407xx.o


    Execution Region RW_IRAM2 (Exec base: 0x2001c000, Load base: 0x08003e58, Size: 0x00000000, Max: 0x00004000, ABSOLUTE)

    **** No section assigned to this execution region ****


==============================================================================

Image component sizes


      Code (inc. data)   RO Data    RW Data    ZI Data      Debug   Object Name

       556         12          0         44          0     575512   bmi088driver.o
       170         28          0          0          0       4616   bmi088middleware.o
        88          8          0          0          0        570   bsp_can.o
        96         12          0          0          0     601018   bsp_rc.o
       106          0          0          0          0       1761   calc_lib.o
       388         42          0          4         80       2422   can.o
       392         46          0         17        208       5077   can_receive.o
       100         18         12          0        304       2825   chassis.o
       108          4          0          0          0        814   dma.o
       316         26          0          0          0       1103   gpio.o
        32         14         12          0        112       2046   imu_temp_control_task.o
       234          8          0          0          0     708744   main.o
       480         62         48          4        736       4464   motor_control.o
       388          8          0          0          0       1818   pid.o
       748         44          0          4         74       3937   remote_control.o
       324         32          0          0        280       1867   spi.o
        64         26        392          0       1536        832   startup_stm32f407xx.o
       180         28          0         12          0       9325   stm32f4xx_hal.o
      1638          6          0          0          0      14095   stm32f4xx_hal_can.o
       198         14          0          0          0      33747   stm32f4xx_hal_cortex.o
       934         16          8          0          0       5539   stm32f4xx_hal_dma.o
       532         52          0          0          0       3312   stm32f4xx_hal_gpio.o
        48          6          0          0          0        838   stm32f4xx_hal_msp.o
      1348         76          0          0          0       5168   stm32f4xx_hal_rcc.o
       974         14          0          0          0       4941   stm32f4xx_hal_spi.o
      1336        140          0          0          0      10285   stm32f4xx_hal_tim.o
      1288         16          0          0          0       8236   stm32f4xx_hal_uart.o
       110         42          0          0          0       7785   stm32f4xx_it.o
        16          4         24          4          0       1091   system_stm32f4xx.o
       240         34          0          0         72       2234   tim.o
       624         76          0          0        408       3318   usart.o

    ----------------------------------------------------------------------
     14080        914        530         92       3812    2029340   Object Totals
         0          0         32          0          0          0   (incl. Generated)
        24          0          2          3          2          0   (incl. Padding)

    ----------------------------------------------------------------------

      Code (inc. data)   RO Data    RW Data    ZI Data      Debug   Library Member Name

         8          0          0          0          0         68   __main.o
         0          0          0          0          0          0   __rtentry.o
        12          0          0          0          0          0   __rtentry2.o
         6          0          0          0          0          0   __rtentry4.o
        52          8          0          0          0          0   __scatter.o
        26          0          0          0          0          0   __scatter_copy.o
        28          0          0          0          0          0   __scatter_zi.o
        18          0          0          0          0         80   exit.o
         6          0          0          0          0        152   heapauxi.o
         0          0          0          0          0          0   indicate_semi.o
         2          0          0          0          0          0   libinit.o
         6          0          0          0          0          0   libinit2.o
         2          0          0          0          0          0   libshutdown.o
         2          0          0          0          0          0   libshutdown2.o
         8          4          0          0         96         68   libspace.o
       238          0          0          0          0        100   lludivv7m.o
        78          0          0          0          0         80   rt_memclr_w.o
         2          0          0          0          0          0   rtexit.o
        10          0          0          0          0          0   rtexit2.o
        12          4          0          0          0         68   sys_exit.o
        74          0          0          0          0         80   sys_stackheap_outer.o
         2          0          0          0          0         68   use_no_semi.o
        94          4          0          0          0        140   dfix.o
        46          0          0          0          0        116   dflt_clz.o
       340         12          0          0          0        152   dmul.o
       156          4          0          0          0        140   dnaninf.o
        12          0          0          0          0        116   dretinf.o
        10          0          0          0          0        116   fpinit.o
         0          0          0          0          0          0   usenofp.o

    ----------------------------------------------------------------------
      1258         36          0          0         96       1544   Library Totals
         8          0          0          0          0          0   (incl. Padding)

    ----------------------------------------------------------------------

      Code (inc. data)   RO Data    RW Data    ZI Data      Debug   Library Name

       592         16          0          0         96        764   c_w.l
       658         20          0          0          0        780   fz_wm.l

    ----------------------------------------------------------------------
      1258         36          0          0         96       1544   Library Totals

    ----------------------------------------------------------------------

==============================================================================


      Code (inc. data)   RO Data    RW Data    ZI Data      Debug   

     15338        950        530         92       3908    2017424   Grand Totals
     15338        950        530         92       3908    2017424   ELF Image Totals
     15338        950        530         92          0          0   ROM Totals

==============================================================================

    Total RO  Size (Code + RO Data)                15868 (  15.50kB)
    Total RW  Size (RW Data + ZI Data)              4000 (   3.91kB)
    Total ROM Size (Code + RO Data + RW Data)      15960 (  15.59kB)

==============================================================================

